Archive member included because of file (symbol)

./mbed/TARGET_LPC1768/TOOLCHAIN_GCC_ARM/libmbed.a(pwmout_api.o)
                              N5110/N5110.o (pwmout_write)
./mbed/TARGET_LPC1768/TOOLCHAIN_GCC_ARM/libmbed.a(serial_api.o)
                              mbed/TARGET_LPC1768/TOOLCHAIN_GCC_ARM/retarget.o (serial_getc)
./mbed/TARGET_LPC1768/TOOLCHAIN_GCC_ARM/libmbed.a(BusOut.o)
                              main.o (mbed::BusOut::~BusOut())
./mbed/TARGET_LPC1768/TOOLCHAIN_GCC_ARM/libmbed.a(FilePath.o)
                              mbed/TARGET_LPC1768/TOOLCHAIN_GCC_ARM/retarget.o (mbed::FilePath::FilePath(char const*))
./mbed/TARGET_LPC1768/TOOLCHAIN_GCC_ARM/libmbed.a(FileSystemLike.o)
                              main.o (mbed::FileSystemLike::~FileSystemLike())
./mbed/TARGET_LPC1768/TOOLCHAIN_GCC_ARM/libmbed.a(I2C.o)
                              TMP102/TMP102.o (mbed::I2C::I2C(PinName, PinName))
./mbed/TARGET_LPC1768/TOOLCHAIN_GCC_ARM/libmbed.a(LocalFileSystem.o)
                              main.o (vtable for mbed::LocalFileSystem)
./mbed/TARGET_LPC1768/TOOLCHAIN_GCC_ARM/libmbed.a(SPI.o)
                              N5110/N5110.o (mbed::SPI::SPI(PinName, PinName, PinName, PinName))
./mbed/TARGET_LPC1768/TOOLCHAIN_GCC_ARM/libmbed.a(Serial.o)
                              main.o (mbed::Serial::Serial(PinName, PinName, char const*))
./mbed/TARGET_LPC1768/TOOLCHAIN_GCC_ARM/libmbed.a(SerialBase.o)
                              ./mbed/TARGET_LPC1768/TOOLCHAIN_GCC_ARM/libmbed.a(Serial.o) (mbed::SerialBase::SerialBase(PinName, PinName))
./mbed/TARGET_LPC1768/TOOLCHAIN_GCC_ARM/libmbed.a(Stream.o)
                              ./mbed/TARGET_LPC1768/TOOLCHAIN_GCC_ARM/libmbed.a(Serial.o) (mbed::Stream::close())
./mbed/TARGET_LPC1768/TOOLCHAIN_GCC_ARM/libmbed.a(assert.o)
                              mbed/TARGET_LPC1768/TOOLCHAIN_GCC_ARM/board.o (mbed_assert_internal)
./mbed/TARGET_LPC1768/TOOLCHAIN_GCC_ARM/libmbed.a(error.o)
                              mbed-rtos/rtos/Thread.o (error)
./mbed/TARGET_LPC1768/TOOLCHAIN_GCC_ARM/libmbed.a(exit.o)
                              /Users/pfountas/Documents/MBED/gcc-arm-none-eabi-4_8/bin/../lib/gcc/arm-none-eabi/4.8.4/../../../../arm-none-eabi/lib/armv7-m/crt0.o (exit)
./mbed/TARGET_LPC1768/TOOLCHAIN_GCC_ARM/libmbed.a(gpio.o)
                              main.o (gpio_init_in)
./mbed/TARGET_LPC1768/TOOLCHAIN_GCC_ARM/libmbed.a(mbed_interface.o)
                              ./mbed/TARGET_LPC1768/TOOLCHAIN_GCC_ARM/libmbed.a(exit.o) (mbed_interface_connected)
./mbed/TARGET_LPC1768/TOOLCHAIN_GCC_ARM/libmbed.a(pinmap_common.o)
                              ./mbed/TARGET_LPC1768/TOOLCHAIN_GCC_ARM/libmbed.a(pwmout_api.o) (pinmap_pinout)
./mbed/TARGET_LPC1768/TOOLCHAIN_GCC_ARM/libmbed.a(rtc_time.o)
                              main.o (time)
./mbed/TARGET_LPC1768/TOOLCHAIN_GCC_ARM/libmbed.a(semihost_api.o)
                              ./mbed/TARGET_LPC1768/TOOLCHAIN_GCC_ARM/libmbed.a(LocalFileSystem.o) (semihost_open)
./mbed/TARGET_LPC1768/TOOLCHAIN_GCC_ARM/libmbed.a(wait_api.o)
                              ./mbed/TARGET_LPC1768/TOOLCHAIN_GCC_ARM/libmbed.a(SerialBase.o) (wait_us)
./mbed/TARGET_LPC1768/TOOLCHAIN_GCC_ARM/libmbed.a(gpio_api.o)
                              ./mbed/TARGET_LPC1768/TOOLCHAIN_GCC_ARM/libmbed.a(gpio.o) (gpio_init)
./mbed/TARGET_LPC1768/TOOLCHAIN_GCC_ARM/libmbed.a(i2c_api.o)
                              ./mbed/TARGET_LPC1768/TOOLCHAIN_GCC_ARM/libmbed.a(I2C.o) (i2c_init)
./mbed/TARGET_LPC1768/TOOLCHAIN_GCC_ARM/libmbed.a(pinmap.o)
                              ./mbed/TARGET_LPC1768/TOOLCHAIN_GCC_ARM/libmbed.a(pinmap_common.o) (pin_function)
./mbed/TARGET_LPC1768/TOOLCHAIN_GCC_ARM/libmbed.a(rtc_api.o)
                              ./mbed/TARGET_LPC1768/TOOLCHAIN_GCC_ARM/libmbed.a(rtc_time.o) (rtc_init)
./mbed/TARGET_LPC1768/TOOLCHAIN_GCC_ARM/libmbed.a(spi_api.o)
                              ./mbed/TARGET_LPC1768/TOOLCHAIN_GCC_ARM/libmbed.a(SPI.o) (spi_format)
./mbed/TARGET_LPC1768/TOOLCHAIN_GCC_ARM/libmbed.a(us_ticker.o)
                              ./mbed/TARGET_LPC1768/TOOLCHAIN_GCC_ARM/libmbed.a(rtc_time.o) (us_ticker_read)
./mbed/TARGET_LPC1768/TOOLCHAIN_GCC_ARM/libmbed.a(FileBase.o)
                              ./mbed/TARGET_LPC1768/TOOLCHAIN_GCC_ARM/libmbed.a(FileSystemLike.o) (mbed::FileBase::~FileBase())
./mbed/TARGET_LPC1768/TOOLCHAIN_GCC_ARM/libmbed.a(FileLike.o)
                              ./mbed/TARGET_LPC1768/TOOLCHAIN_GCC_ARM/libmbed.a(Stream.o) (mbed::FileLike::~FileLike())
./mbed/TARGET_LPC1768/TOOLCHAIN_GCC_ARM/libmbed.a(FunctionPointer.o)
                              ./mbed/TARGET_LPC1768/TOOLCHAIN_GCC_ARM/libmbed.a(SerialBase.o) (mbed::FunctionPointer::FunctionPointer(void (*)()))
./mbed/TARGET_LPC1768/TOOLCHAIN_GCC_ARM/libmbed.a(us_ticker_api.o)
                              ./mbed/TARGET_LPC1768/TOOLCHAIN_GCC_ARM/libmbed.a(us_ticker.o) (us_ticker_irq_handler)
[...]
Memory Configuration

Name             Origin             Length             Attributes
FLASH            0x0000000000000000 0x0000000000080000 xr
RAM              0x00000000100000c8 0x0000000000007f38 xrw
USB_RAM          0x000000002007c000 0x0000000000004000 xrw
ETH_RAM          0x0000000020080000 0x0000000000004000 xrw
*default*        0x0000000000000000 0xffffffffffffffff

Linker script and memory map

LOAD /Users/pfountas/Documents/MBED/gcc-arm-none-eabi-4_8/bin/../lib/gcc/arm-none-eabi/4.8.4/armv7-m/crti.o
LOAD /Users/pfountas/Documents/MBED/gcc-arm-none-eabi-4_8/bin/../lib/gcc/arm-none-eabi/4.8.4/armv7-m/crtbegin.o
LOAD /Users/pfountas/Documents/MBED/gcc-arm-none-eabi-4_8/bin/../lib/gcc/arm-none-eabi/4.8.4/../../../../arm-none-eabi/lib/armv7-m/crt0.o
LOAD dsp/complex_numbers.o
LOAD dsp/dft.o
LOAD dsp/sin_wave.o
LOAD dsp/chplot.o
LOAD N5110/N5110.o
LOAD TMP102/TMP102.o
LOAD mbed-rtos/rtx/TARGET_CORTEX_M/TARGET_M3/TOOLCHAIN_GCC/SVC_Table.o
LOAD mbed-rtos/rtx/TARGET_CORTEX_M/TARGET_M3/TOOLCHAIN_GCC/HAL_CM3.o
LOAD mbed-rtos/rtx/TARGET_CORTEX_M/rt_Semaphore.o
LOAD mbed-rtos/rtx/TARGET_CORTEX_M/rt_Event.o
LOAD mbed-rtos/rtx/TARGET_CORTEX_M/rt_List.o
LOAD mbed-rtos/rtx/TARGET_CORTEX_M/rt_Mutex.o
LOAD mbed-rtos/rtx/TARGET_CORTEX_M/HAL_CM.o
LOAD mbed-rtos/rtx/TARGET_CORTEX_M/rt_Task.o
LOAD mbed-rtos/rtx/TARGET_CORTEX_M/rt_CMSIS.o
LOAD mbed-rtos/rtx/TARGET_CORTEX_M/rt_System.o
LOAD mbed-rtos/rtx/TARGET_CORTEX_M/rt_Time.o
LOAD mbed-rtos/rtx/TARGET_CORTEX_M/rt_MemBox.o
LOAD mbed-rtos/rtx/TARGET_CORTEX_M/rt_Robin.o
LOAD mbed-rtos/rtx/TARGET_CORTEX_M/RTX_Conf_CM.o
LOAD mbed-rtos/rtx/TARGET_CORTEX_M/rt_Mailbox.o
LOAD main.o
LOAD mbed-rtos/rtos/Thread.o
LOAD mbed-rtos/rtos/Semaphore.o
LOAD mbed-rtos/rtos/Mutex.o
LOAD mbed-rtos/rtos/RtosTimer.o
LOAD mbed/TARGET_LPC1768/TOOLCHAIN_GCC_ARM/retarget.o
LOAD mbed/TARGET_LPC1768/TOOLCHAIN_GCC_ARM/system_LPC17xx.o
LOAD mbed/TARGET_LPC1768/TOOLCHAIN_GCC_ARM/board.o
LOAD mbed/TARGET_LPC1768/TOOLCHAIN_GCC_ARM/cmsis_nvic.o
LOAD mbed/TARGET_LPC1768/TOOLCHAIN_GCC_ARM/startup_LPC17xx.o
LOAD ./mbed/TARGET_LPC1768/TOOLCHAIN_GCC_ARM/libmbed.a
LOAD /Users/pfountas/Documents/MBED/gcc-arm-none-eabi-4_8/bin/../lib/gcc/arm-none-eabi/4.8.4/../../../../arm-none-eabi/lib/armv7-m/libstdc++_s.a
LOAD /Users/pfountas/Documents/MBED/gcc-arm-none-eabi-4_8/bin/../lib/gcc/arm-none-eabi/4.8.4/../../../../arm-none-eabi/lib/armv7-m/libsupc++_s.a
LOAD /Users/pfountas/Documents/MBED/gcc-arm-none-eabi-4_8/bin/../lib/gcc/arm-none-eabi/4.8.4/../../../../arm-none-eabi/lib/armv7-m/libm.a
LOAD /Users/pfountas/Documents/MBED/gcc-arm-none-eabi-4_8/bin/../lib/gcc/arm-none-eabi/4.8.4/../../../../arm-none-eabi/lib/armv7-m/libc_s.a
LOAD /Users/pfountas/Documents/MBED/gcc-arm-none-eabi-4_8/bin/../lib/gcc/arm-none-eabi/4.8.4/armv7-m/libgcc.a
LOAD /Users/pfountas/Documents/MBED/gcc-arm-none-eabi-4_8/bin/../lib/gcc/arm-none-eabi/4.8.4/../../../../arm-none-eabi/lib/armv7-m/libnosys.a
LOAD ./mbed/TARGET_LPC1768/TOOLCHAIN_GCC_ARM/libmbed.a
LOAD /Users/pfountas/Documents/MBED/gcc-arm-none-eabi-4_8/bin/../lib/gcc/arm-none-eabi/4.8.4/../../../../arm-none-eabi/lib/armv7-m/libstdc++_s.a
LOAD /Users/pfountas/Documents/MBED/gcc-arm-none-eabi-4_8/bin/../lib/gcc/arm-none-eabi/4.8.4/../../../../arm-none-eabi/lib/armv7-m/libsupc++_s.a
LOAD /Users/pfountas/Documents/MBED/gcc-arm-none-eabi-4_8/bin/../lib/gcc/arm-none-eabi/4.8.4/../../../../arm-none-eabi/lib/armv7-m/libm.a
LOAD /Users/pfountas/Documents/MBED/gcc-arm-none-eabi-4_8/bin/../lib/gcc/arm-none-eabi/4.8.4/../../../../arm-none-eabi/lib/armv7-m/libc_s.a
LOAD /Users/pfountas/Documents/MBED/gcc-arm-none-eabi-4_8/bin/../lib/gcc/arm-none-eabi/4.8.4/armv7-m/libgcc.a
LOAD /Users/pfountas/Documents/MBED/gcc-arm-none-eabi-4_8/bin/../lib/gcc/arm-none-eabi/4.8.4/../../../../arm-none-eabi/lib/armv7-m/libnosys.a
START GROUP
LOAD /Users/pfountas/Documents/MBED/gcc-arm-none-eabi-4_8/bin/../lib/gcc/arm-none-eabi/4.8.4/armv7-m/libgcc.a
LOAD /Users/pfountas/Documents/MBED/gcc-arm-none-eabi-4_8/bin/../lib/gcc/arm-none-eabi/4.8.4/../../../../arm-none-eabi/lib/armv7-m/libc_s.a
END GROUP
START GROUP
LOAD /Users/pfountas/Documents/MBED/gcc-arm-none-eabi-4_8/bin/../lib/gcc/arm-none-eabi/4.8.4/armv7-m/libgcc.a
LOAD /Users/pfountas/Documents/MBED/gcc-arm-none-eabi-4_8/bin/../lib/gcc/arm-none-eabi/4.8.4/../../../../arm-none-eabi/lib/armv7-m/libc_s.a
END GROUP
LOAD /Users/pfountas/Documents/MBED/gcc-arm-none-eabi-4_8/bin/../lib/gcc/arm-none-eabi/4.8.4/armv7-m/crtend.o
LOAD /Users/pfountas/Documents/MBED/gcc-arm-none-eabi-4_8/bin/../lib/gcc/arm-none-eabi/4.8.4/armv7-m/crtn.o

.text           0x0000000000000000     0xf1fc
 *(.isr_vector)
 .isr_vector    0x0000000000000000       0xcc mbed/TARGET_LPC1768/TOOLCHAIN_GCC_ARM/startup_LPC17xx.o
                0x0000000000000000                __isr_vector
 *(.text*)
 .text          0x00000000000000cc       0x54 /Users/pfountas/Documents/MBED/gcc-arm-none-eabi-4_8/bin/../lib/gcc/arm-none-eabi/4.8.4/armv7-m/crtbegin.o
 .text          0x0000000000000120       0x74 /Users/pfountas/Documents/MBED/gcc-arm-none-eabi-4_8/bin/../lib/gcc/arm-none-eabi/4.8.4/../../../../arm-none-eabi/lib/armv7-m/crt0.o
                0x0000000000000120                _mainCRTStartup
                0x0000000000000120                _start
 .text._Z11complex_numff
                0x0000000000000194        0x6 dsp/complex_numbers.o
                0x0000000000000194                complex_num(float, float)
 .text._Z12complex_norm9complex_t
                0x000000000000019a       0x50 dsp/complex_numbers.o
                0x000000000000019a                complex_norm(complex_t)
 .text._Z11complex_exp9complex_t
                0x00000000000001ea       0x72 dsp/complex_numbers.o
                0x00000000000001ea                complex_exp(complex_t)
 .text._Z11complex_add9complex_tS_
                0x000000000000025c       0x2e dsp/complex_numbers.o
                0x000000000000025c                complex_add(complex_t, complex_t)
 .text._Z11complex_mul9complex_tS_
                0x000000000000028a       0x5e dsp/complex_numbers.o
                0x000000000000028a                complex_mul(complex_t, complex_t)
 .text._Z3dftP9complex_tS0_i
                0x00000000000002e8       0xc0 dsp/dft.o
                0x00000000000002e8                dft(complex_t*, complex_t*, int)
 .text._ZN4mbed10DigitalOutC2E7PinName
                0x00000000000003a8       0x1a N5110/N5110.o
                0x00000000000003a8                mbed::DigitalOut::DigitalOut(PinName)
                0x00000000000003a8                mbed::DigitalOut::DigitalOut(PinName)
 .text._ZN5N51106turnOnEv
                0x00000000000003c2       0x1c N5110/N5110.o
                0x00000000000003c2                N5110::turnOn()
 .text._ZN5N51105resetEv
                0x00000000000003de       0x12 N5110/N5110.o
                0x00000000000003de                N5110::reset()
 .text._ZN5N51107initSPIEv
                0x00000000000003f0       0x24 N5110/N5110.o
                0x00000000000003f0                N5110::initSPI()
 .text._ZN5N5110C2E7PinNameS0_S0_S0_S0_S0_S0_
                0x0000000000000414       0x8e N5110/N5110.o
                0x0000000000000414                N5110::N5110(PinName, PinName, PinName, PinName, PinName, PinName, PinName)
                0x0000000000000414                N5110::N5110(PinName, PinName, PinName, PinName, PinName, PinName, PinName)
 .text._ZN5N511011sendCommandEh
                0x00000000000004a2       0x38 N5110/N5110.o
                0x00000000000004a2                N5110::sendCommand(unsigned char)
 .text._ZN5N511010normalModeEv
                0x00000000000004da        0x6 N5110/N5110.o
                0x00000000000004da                N5110::normalMode()
 .text._ZN5N51108clearRAMEv
                0x00000000000004e0       0x2e N5110/N5110.o
                0x00000000000004e0                N5110::clearRAM()
 .text._ZN5N51104initEv
                0x000000000000050e       0x54 N5110/N5110.o
                0x000000000000050e                N5110::init()
 .text._ZN5N511012setXYAddressEii
                0x0000000000000562       0x34 N5110/N5110.o
                0x0000000000000562                N5110::setXYAddress(int, int)
 *fill*         0x0000000000000596        0x2 
 .text._ZN5N51108setPixelEii
                0x0000000000000598       0x38 N5110/N5110.o
                0x0000000000000598                N5110::setPixel(int, int)
 .text._ZN5N51107refreshEv
                0x00000000000005d0       0x42 N5110/N5110.o
                0x00000000000005d0                N5110::refresh()
 *fill*         0x0000000000000612        0x2 
 .text._ZN5N511011printStringEPKcii
                0x0000000000000614       0x48 N5110/N5110.o
                0x0000000000000614                N5110::printString(char const*, int, int)
 .text._ZN5N511011clearBufferEv
                0x000000000000065c       0x1a N5110/N5110.o
                0x000000000000065c                N5110::clearBuffer()
 .text._ZN5N51105clearEv
                0x0000000000000676       0x12 N5110/N5110.o
                0x0000000000000676                N5110::clear()
 .text._ZN6TMP102C2Ei7PinNameS0_
                0x0000000000000688       0x34 TMP102/TMP102.o
                0x0000000000000688                TMP102::TMP102(int, PinName, PinName)
                0x0000000000000688                TMP102::TMP102(int, PinName, PinName)
 .text._ZN6TMP102D2Ev
                0x00000000000006bc        0xe TMP102/TMP102.o
                0x00000000000006bc                TMP102::~TMP102()
                0x00000000000006bc                TMP102::~TMP102()
 *fill*         0x00000000000006ca        0x2 
 .text._ZN6TMP1024tempEPf
                0x00000000000006cc       0x64 TMP102/TMP102.o
                0x00000000000006cc                TMP102::temp(float*)
 .text._ZN6TMP1024initEi
                0x0000000000000730       0xa8 TMP102/TMP102.o
                0x0000000000000730                TMP102::init(int)
 .text          0x00000000000007d8      0x130 mbed-rtos/rtx/TARGET_CORTEX_M/TARGET_M3/TOOLCHAIN_GCC/HAL_CM3.o
                0x00000000000007d8                rt_set_PSP
                0x00000000000007de                rt_get_PSP
                0x00000000000007e4                os_set_env
                0x00000000000007fc                _alloc_box
                0x0000000000000818                _free_box
                0x0000000000000834                SVC_Handler
                0x00000000000008a2                PendSV_Handler
                0x00000000000008a6                Sys_Switch
                0x00000000000008da                SysTick_Handler
                0x00000000000008e2                OS_Tick_Handler
 .text.rt_sem_psh
                0x0000000000000908       0x34 mbed-rtos/rtx/TARGET_CORTEX_M/rt_Semaphore.o
                0x0000000000000908                rt_sem_psh
 .text.rt_evt_psh
                0x000000000000093c       0x54 mbed-rtos/rtx/TARGET_CORTEX_M/rt_Event.o
                0x000000000000093c                rt_evt_psh
 .text.rt_put_prio
                0x0000000000000990       0x30 mbed-rtos/rtx/TARGET_CORTEX_M/rt_List.o
                0x0000000000000990                rt_put_prio
 .text.rt_get_first
                0x00000000000009c0       0x22 mbed-rtos/rtx/TARGET_CORTEX_M/rt_List.o
                0x00000000000009c0                rt_get_first
 *fill*         0x00000000000009e2        0x2 
 .text.rt_put_rdy_first
                0x00000000000009e4       0x14 mbed-rtos/rtx/TARGET_CORTEX_M/rt_List.o
                0x00000000000009e4                rt_put_rdy_first
 .text.rt_put_dly
                0x00000000000009f8       0x4c mbed-rtos/rtx/TARGET_CORTEX_M/rt_List.o
                0x00000000000009f8                rt_put_dly
 .text.rt_dec_dly
                0x0000000000000a44       0x70 mbed-rtos/rtx/TARGET_CORTEX_M/rt_List.o
                0x0000000000000a44                rt_dec_dly
 .text.rt_rmv_list
                0x0000000000000ab4       0x2c mbed-rtos/rtx/TARGET_CORTEX_M/rt_List.o
                0x0000000000000ab4                rt_rmv_list
 .text.rt_resort_prio
                0x0000000000000ae0       0x34 mbed-rtos/rtx/TARGET_CORTEX_M/rt_List.o
                0x0000000000000ae0                rt_resort_prio
 .text.rt_rmv_dly
                0x0000000000000b14       0x26 mbed-rtos/rtx/TARGET_CORTEX_M/rt_List.o
                0x0000000000000b14                rt_rmv_dly
 *fill*         0x0000000000000b3a        0x2 
 .text.rt_psq_enq
                0x0000000000000b3c       0x40 mbed-rtos/rtx/TARGET_CORTEX_M/rt_List.o
                0x0000000000000b3c                rt_psq_enq
 .text.rt_init_stack
                0x0000000000000b7c       0x4c mbed-rtos/rtx/TARGET_CORTEX_M/HAL_CM.o
                0x0000000000000b7c                rt_init_stack
 .text.rt_ret_val
                0x0000000000000bc8        0x6 mbed-rtos/rtx/TARGET_CORTEX_M/HAL_CM.o
                0x0000000000000bc8                rt_ret_val
 .text.rt_ret_val2
                0x0000000000000bce        0x8 mbed-rtos/rtx/TARGET_CORTEX_M/HAL_CM.o
                0x0000000000000bce                rt_ret_val2
 *fill*         0x0000000000000bd6        0x2 
 .text.rt_dispatch.part.0
                0x0000000000000bd8       0x1c mbed-rtos/rtx/TARGET_CORTEX_M/rt_Task.o
 .text.rt_get_TID
                0x0000000000000bf4       0x28 mbed-rtos/rtx/TARGET_CORTEX_M/rt_Task.o
                0x0000000000000bf4                rt_get_TID
 .text.rt_init_context
                0x0000000000000c1c       0x2a mbed-rtos/rtx/TARGET_CORTEX_M/rt_Task.o
                0x0000000000000c1c                rt_init_context
 *fill*         0x0000000000000c46        0x2 
 .text.rt_switch_req
                0x0000000000000c48       0x10 mbed-rtos/rtx/TARGET_CORTEX_M/rt_Task.o
                0x0000000000000c48                rt_switch_req
 .text.rt_dispatch
                0x0000000000000c58       0x44 mbed-rtos/rtx/TARGET_CORTEX_M/rt_Task.o
                0x0000000000000c58                rt_dispatch
 .text.rt_block
                0x0000000000000c9c       0x34 mbed-rtos/rtx/TARGET_CORTEX_M/rt_Task.o
                0x0000000000000c9c                rt_block
 .text.rt_tsk_self
                0x0000000000000cd0       0x10 mbed-rtos/rtx/TARGET_CORTEX_M/rt_Task.o
                0x0000000000000cd0                rt_tsk_self
 .text.rt_tsk_prio
                0x0000000000000ce0       0x74 mbed-rtos/rtx/TARGET_CORTEX_M/rt_Task.o
                0x0000000000000ce0                rt_tsk_prio
 .text.rt_tsk_delete
                0x0000000000000d54       0x70 mbed-rtos/rtx/TARGET_CORTEX_M/rt_Task.o
                0x0000000000000d54                rt_tsk_delete
 .text.rt_sys_init
                0x0000000000000dc4       0xdc mbed-rtos/rtx/TARGET_CORTEX_M/rt_Task.o
                0x0000000000000dc4                rt_sys_init
 .text.rt_sys_start
                0x0000000000000ea0       0x3c mbed-rtos/rtx/TARGET_CORTEX_M/rt_Task.o
                0x0000000000000ea0                rt_sys_start
 .text.rt_tid2ptcb
                0x0000000000000edc       0x14 mbed-rtos/rtx/TARGET_CORTEX_M/rt_CMSIS.o
 .text.osThreadExit
                0x0000000000000ef0       0x18 mbed-rtos/rtx/TARGET_CORTEX_M/rt_CMSIS.o
                0x0000000000000ef0                osThreadExit
 .text.rt_timer_insert
                0x0000000000000f08       0x38 mbed-rtos/rtx/TARGET_CORTEX_M/rt_CMSIS.o
 .text.rt_ms2tick
                0x0000000000000f40       0x3c mbed-rtos/rtx/TARGET_CORTEX_M/rt_CMSIS.o
 .text.svcKernelInitialize
                0x0000000000000f7c       0x2c mbed-rtos/rtx/TARGET_CORTEX_M/rt_CMSIS.o
                0x0000000000000f7c                svcKernelInitialize
 .text.osKernelInitialize
                0x0000000000000fa8       0x28 mbed-rtos/rtx/TARGET_CORTEX_M/rt_CMSIS.o
                0x0000000000000fa8                osKernelInitialize
 .text.osKernelStart
                0x0000000000000fd0       0x6c mbed-rtos/rtx/TARGET_CORTEX_M/rt_CMSIS.o
                0x0000000000000fd0                osKernelStart
 .text.svcThreadCreate
                0x000000000000103c       0x64 mbed-rtos/rtx/TARGET_CORTEX_M/rt_CMSIS.o
                0x000000000000103c                svcThreadCreate
 .text.svcThreadGetId
                0x00000000000010a0       0x18 mbed-rtos/rtx/TARGET_CORTEX_M/rt_CMSIS.o
                0x00000000000010a0                svcThreadGetId
 .text.svcThreadTerminate
                0x00000000000010b8       0x1c mbed-rtos/rtx/TARGET_CORTEX_M/rt_CMSIS.o
                0x00000000000010b8                svcThreadTerminate
 .text.osThreadCreate
                0x00000000000010d4       0x3c mbed-rtos/rtx/TARGET_CORTEX_M/rt_CMSIS.o
                0x00000000000010d4                osThreadCreate
 .text.osThreadTerminate
                0x0000000000001110       0x18 mbed-rtos/rtx/TARGET_CORTEX_M/rt_CMSIS.o
                0x0000000000001110                osThreadTerminate
 .text.svcDelay
                0x0000000000001128       0x14 mbed-rtos/rtx/TARGET_CORTEX_M/rt_CMSIS.o
                0x0000000000001128                svcDelay
 .text.osDelay  0x000000000000113c       0x18 mbed-rtos/rtx/TARGET_CORTEX_M/rt_CMSIS.o
                0x000000000000113c                osDelay
 .text.svcTimerCall
                0x0000000000001154       0x18 mbed-rtos/rtx/TARGET_CORTEX_M/rt_CMSIS.o
                0x0000000000001154                svcTimerCall
 .text.sysTimerTick
                0x000000000000116c       0x58 mbed-rtos/rtx/TARGET_CORTEX_M/rt_CMSIS.o
                0x000000000000116c                sysTimerTick
 .text.osTimerCall
                0x00000000000011c4       0x18 mbed-rtos/rtx/TARGET_CORTEX_M/rt_CMSIS.o
                0x00000000000011c4                osTimerCall
 .text.svcMessageCreate
                0x00000000000011dc       0x2c mbed-rtos/rtx/TARGET_CORTEX_M/rt_CMSIS.o
                0x00000000000011dc                svcMessageCreate
 .text.svcKernelStart
                0x0000000000001208       0x5c mbed-rtos/rtx/TARGET_CORTEX_M/rt_CMSIS.o
                0x0000000000001208                svcKernelStart
 .text.svcMessageGet
                0x0000000000001264       0x68 mbed-rtos/rtx/TARGET_CORTEX_M/rt_CMSIS.o
                0x0000000000001264                svcMessageGet
 .text.osMessageGet
                0x00000000000012cc       0x50 mbed-rtos/rtx/TARGET_CORTEX_M/rt_CMSIS.o
                0x00000000000012cc                osMessageGet
 .text.osTimerThread
                0x000000000000131c       0x30 mbed-rtos/rtx/TARGET_CORTEX_M/rt_CMSIS.o
                0x000000000000131c                osTimerThread
 .text.rt_psh_req
                0x000000000000134c       0x24 mbed-rtos/rtx/TARGET_CORTEX_M/rt_System.o
                0x000000000000134c                rt_psh_req
 .text.rt_pop_req
                0x0000000000001370       0x70 mbed-rtos/rtx/TARGET_CORTEX_M/rt_System.o
                0x0000000000001370                rt_pop_req
 .text.os_tick_init
                0x00000000000013e0       0x2c mbed-rtos/rtx/TARGET_CORTEX_M/rt_System.o
                0x00000000000013e0                os_tick_init
 .text.os_tick_irqack
                0x000000000000140c        0x2 mbed-rtos/rtx/TARGET_CORTEX_M/rt_System.o
                0x000000000000140c                os_tick_irqack
 *fill*         0x000000000000140e        0x2 
 .text.rt_systick
                0x0000000000001410       0x3c mbed-rtos/rtx/TARGET_CORTEX_M/rt_System.o
                0x0000000000001410                rt_systick
 .text.rt_stk_check
                0x000000000000144c       0x2c mbed-rtos/rtx/TARGET_CORTEX_M/rt_System.o
                0x000000000000144c                rt_stk_check
 .text.rt_dly_wait
                0x0000000000001478        0x6 mbed-rtos/rtx/TARGET_CORTEX_M/rt_Time.o
                0x0000000000001478                rt_dly_wait
 .text.rt_alloc_box
                0x000000000000147e       0x1a mbed-rtos/rtx/TARGET_CORTEX_M/rt_MemBox.o
                0x000000000000147e                rt_alloc_box
 .text.rt_free_box
                0x0000000000001498       0x28 mbed-rtos/rtx/TARGET_CORTEX_M/rt_MemBox.o
                0x0000000000001498                rt_free_box
 .text.rt_init_robin
                0x00000000000014c0       0x18 mbed-rtos/rtx/TARGET_CORTEX_M/rt_Robin.o
                0x00000000000014c0                rt_init_robin
 .text.rt_chk_robin
                0x00000000000014d8       0x4c mbed-rtos/rtx/TARGET_CORTEX_M/rt_Robin.o
                0x00000000000014d8                rt_chk_robin
 .text.os_idle_demon
                0x0000000000001524        0x2 mbed-rtos/rtx/TARGET_CORTEX_M/RTX_Conf_CM.o
                0x0000000000001524                os_idle_demon
 .text.os_error
                0x0000000000001526        0x4 mbed-rtos/rtx/TARGET_CORTEX_M/RTX_Conf_CM.o
                0x0000000000001526                os_error
 .text.sysThreadError
                0x000000000000152a        0x8 mbed-rtos/rtx/TARGET_CORTEX_M/RTX_Conf_CM.o
                0x000000000000152a                sysThreadError
 *fill*         0x0000000000001532        0x2 
 .text.set_main_stack
                0x0000000000001534       0x1c mbed-rtos/rtx/TARGET_CORTEX_M/RTX_Conf_CM.o
                0x0000000000001534                set_main_stack
 .text.software_init_hook
                0x0000000000001550       0x38 mbed-rtos/rtx/TARGET_CORTEX_M/RTX_Conf_CM.o
                0x0000000000001550                software_init_hook
 .text.rt_mbx_init
                0x0000000000001588       0x1a mbed-rtos/rtx/TARGET_CORTEX_M/rt_Mailbox.o
                0x0000000000001588                rt_mbx_init
 *fill*         0x00000000000015a2        0x2 
 .text.rt_mbx_wait
                0x00000000000015a4       0xa4 mbed-rtos/rtx/TARGET_CORTEX_M/rt_Mailbox.o
                0x00000000000015a4                rt_mbx_wait
 .text.rt_mbx_check
                0x0000000000001648        0x8 mbed-rtos/rtx/TARGET_CORTEX_M/rt_Mailbox.o
                0x0000000000001648                rt_mbx_check
 .text.isr_mbx_send
                0x0000000000001650        0xe mbed-rtos/rtx/TARGET_CORTEX_M/rt_Mailbox.o
                0x0000000000001650                isr_mbx_send
 .text.isr_mbx_receive
                0x000000000000165e       0x4c mbed-rtos/rtx/TARGET_CORTEX_M/rt_Mailbox.o
                0x000000000000165e                isr_mbx_receive
 *fill*         0x00000000000016aa        0x2 
 .text.rt_mbx_psh
                0x00000000000016ac       0xdc mbed-rtos/rtx/TARGET_CORTEX_M/rt_Mailbox.o
                0x00000000000016ac                rt_mbx_psh
 .text.gpio_read
                0x0000000000001788       0x10 main.o
 .text._ZN4mbed10SerialBaseD2Ev
                0x0000000000001798        0xc main.o
                0x0000000000001798                mbed::SerialBase::~SerialBase()
                0x0000000000001798                mbed::SerialBase::~SerialBase()
 .text._ZN4mbed10SerialBaseD0Ev
                0x00000000000017a4       0x14 main.o
                0x00000000000017a4                mbed::SerialBase::~SerialBase()
 .text._ZN4mbed15LocalFileSystemD2Ev
                0x00000000000017b8       0x14 main.o
                0x00000000000017b8                mbed::LocalFileSystem::~LocalFileSystem()
                0x00000000000017b8                mbed::LocalFileSystem::~LocalFileSystem()
 .text._ZN4mbed15LocalFileSystemD0Ev
                0x00000000000017cc       0x12 main.o
                0x00000000000017cc                mbed::LocalFileSystem::~LocalFileSystem()
 *fill*         0x00000000000017de        0x2 
 .text._ZN4mbed6SerialD2Ev
                0x00000000000017e0       0x28 main.o
                0x00000000000017e0                mbed::Serial::~Serial()
                0x00000000000017e0                mbed::Serial::~Serial()
 .text._ZN4mbed6SerialD1Ev
                0x0000000000001808       0x10 main.o
                0x0000000000001808                non-virtual thunk to mbed::Serial::~Serial()
                0x0000000000001810                non-virtual thunk to mbed::Serial::~Serial()
 .text._ZN4mbed6SerialD0Ev
                0x0000000000001818       0x1e main.o
                0x0000000000001818                mbed::Serial::~Serial()
                0x000000000000182a                non-virtual thunk to mbed::Serial::~Serial()
                0x0000000000001830                non-virtual thunk to mbed::Serial::~Serial()
 *fill*         0x0000000000001836        0x2 
 .text._Z8plotLineP5N5110Pfi
                0x0000000000001838       0xd8 main.o
                0x0000000000001838                plotLine(N5110*, float*, int)
 .text._Z10computeDFTv
                0x0000000000001910       0xc4 main.o
                0x0000000000001910                computeDFT()
 .text._Z10computePSDv
                0x00000000000019d4       0xa4 main.o
                0x00000000000019d4                computePSD()
 .text._Z9matlab_rxv
                0x0000000000001a78       0x58 main.o
                0x0000000000001a78                matlab_rx()
 .text._Z7tmp_daqPKv
                0x0000000000001ad0       0xc8 main.o
                0x0000000000001ad0                tmp_daq(void const*)
 .text.startup.main
                0x0000000000001b98      0x128 main.o
                0x0000000000001b98                main
 .text.startup._GLOBAL__sub_I_leds
                0x0000000000001cc0      0x15c main.o
 .text._ZN4rtos6ThreadC2EPFvPKvEPv10osPrioritymPh
                0x0000000000001e1c       0x48 mbed-rtos/rtos/Thread.o
                0x0000000000001e1c                rtos::Thread::Thread(void (*)(void const*), void*, osPriority, unsigned long, unsigned char*)
                0x0000000000001e1c                rtos::Thread::Thread(void (*)(void const*), void*, osPriority, unsigned long, unsigned char*)
 .text._ZN4rtos6Thread9terminateEv
                0x0000000000001e64        0x6 mbed-rtos/rtos/Thread.o
                0x0000000000001e64                rtos::Thread::terminate()
 *fill*         0x0000000000001e6a        0x2 
 .text._ZN4rtos6ThreadD2Ev
                0x0000000000001e6c       0x24 mbed-rtos/rtos/Thread.o
                0x0000000000001e6c                rtos::Thread::~Thread()
                0x0000000000001e6c                rtos::Thread::~Thread()
 .text._ZN4rtos6ThreadD0Ev
                0x0000000000001e90       0x12 mbed-rtos/rtos/Thread.o
                0x0000000000001e90                rtos::Thread::~Thread()
 .text._ZN4rtos6Thread4waitEm
                0x0000000000001ea2        0x4 mbed-rtos/rtos/Thread.o
                0x0000000000001ea2                rtos::Thread::wait(unsigned long)
 *fill*         0x0000000000001ea6        0x2 
 .text._ZN4mbed10FileHandle4flenEv
                0x0000000000001ea8       0x34 mbed/TARGET_LPC1768/TOOLCHAIN_GCC_ARM/retarget.o
                0x0000000000001ea8                mbed::FileHandle::flen()
 .text._ZN4mbed10FileHandleD2Ev
                0x0000000000001edc       0x2c mbed/TARGET_LPC1768/TOOLCHAIN_GCC_ARM/retarget.o
                0x0000000000001edc                mbed::FileHandle::~FileHandle()
                0x0000000000001edc                mbed::FileHandle::~FileHandle()
 .text._ZN4mbed10FileHandleD0Ev
                0x0000000000001f08       0x34 mbed/TARGET_LPC1768/TOOLCHAIN_GCC_ARM/retarget.o
                0x0000000000001f08                mbed::FileHandle::~FileHandle()
 .text._ZL11init_serialv.part.0
                0x0000000000001f3c       0x18 mbed/TARGET_LPC1768/TOOLCHAIN_GCC_ARM/retarget.o
 .text._open    0x0000000000001f54       0xf8 mbed/TARGET_LPC1768/TOOLCHAIN_GCC_ARM/retarget.o
                0x0000000000001f54                _open
 .text._close   0x000000000000204c       0x2c mbed/TARGET_LPC1768/TOOLCHAIN_GCC_ARM/retarget.o
                0x000000000000204c                _close
 .text._write   0x0000000000002078       0x50 mbed/TARGET_LPC1768/TOOLCHAIN_GCC_ARM/retarget.o
                0x0000000000002078                _write
 .text._read    0x00000000000020c8       0x4c mbed/TARGET_LPC1768/TOOLCHAIN_GCC_ARM/retarget.o
                0x00000000000020c8                _read
 .text._isatty  0x0000000000002114       0x28 mbed/TARGET_LPC1768/TOOLCHAIN_GCC_ARM/retarget.o
                0x0000000000002114                _isatty
 .text._lseek   0x000000000000213c       0x28 mbed/TARGET_LPC1768/TOOLCHAIN_GCC_ARM/retarget.o
                0x000000000000213c                _lseek
 .text._fstat   0x0000000000002164       0x20 mbed/TARGET_LPC1768/TOOLCHAIN_GCC_ARM/retarget.o
                0x0000000000002164                _fstat
 .text.__cxa_pure_virtual
                0x0000000000002184        0x8 mbed/TARGET_LPC1768/TOOLCHAIN_GCC_ARM/retarget.o
                0x0000000000002184                __cxa_pure_virtual
 .text._sbrk    0x000000000000218c       0x28 mbed/TARGET_LPC1768/TOOLCHAIN_GCC_ARM/retarget.o
                0x000000000000218c                _sbrk
 .text.SystemInit
                0x00000000000021b4       0xb8 mbed/TARGET_LPC1768/TOOLCHAIN_GCC_ARM/system_LPC17xx.o
                0x00000000000021b4                SystemInit
 .text.mbed_die
                0x000000000000226c      0x10c mbed/TARGET_LPC1768/TOOLCHAIN_GCC_ARM/board.o
                0x000000000000226c                mbed_die
 .text.NVIC_SetVector
                0x0000000000002378       0x3c mbed/TARGET_LPC1768/TOOLCHAIN_GCC_ARM/cmsis_nvic.o
                0x0000000000002378                NVIC_SetVector
 .text          0x00000000000023b4       0x44 mbed/TARGET_LPC1768/TOOLCHAIN_GCC_ARM/startup_LPC17xx.o
                0x00000000000023b4                Reset_Handler
                0x00000000000023e4                NMI_Handler
                0x00000000000023e6                HardFault_Handler
                0x00000000000023e8                MemManage_Handler
                0x00000000000023ea                BusFault_Handler
                0x00000000000023ec                UsageFault_Handler
                0x00000000000023f0                DebugMon_Handler
                0x00000000000023f6                UART1_IRQHandler
                0x00000000000023f6                EINT3_IRQHandler
                0x00000000000023f6                CANActivity_IRQHandler
                0x00000000000023f6                TIMER3_IRQHandler
                0x00000000000023f6                UART0_IRQHandler
                0x00000000000023f6                PLL0_IRQHandler
                0x00000000000023f6                CAN_IRQHandler
                0x00000000000023f6                PLL1_IRQHandler
                0x00000000000023f6                SSP0_IRQHandler
                0x00000000000023f6                I2S_IRQHandler
                0x00000000000023f6                I2C2_IRQHandler
                0x00000000000023f6                RTC_IRQHandler
                0x00000000000023f6                TIMER0_IRQHandler
                0x00000000000023f6                SPI_IRQHandler
                0x00000000000023f6                EINT1_IRQHandler
                0x00000000000023f6                TIMER1_IRQHandler
                0x00000000000023f6                UART2_IRQHandler
                0x00000000000023f6                Default_Handler
                0x00000000000023f6                ADC_IRQHandler
                0x00000000000023f6                SSP1_IRQHandler
                0x00000000000023f6                USB_IRQHandler
                0x00000000000023f6                BOD_IRQHandler
                0x00000000000023f6                WDT_IRQHandler
                0x00000000000023f6                QEI_IRQHandler
                0x00000000000023f6                EINT0_IRQHandler
                0x00000000000023f6                DEF_IRQHandler
                0x00000000000023f6                DMA_IRQHandler
                0x00000000000023f6                UART3_IRQHandler
                0x00000000000023f6                MCPWM_IRQHandler
                0x00000000000023f6                TIMER2_IRQHandler
                0x00000000000023f6                ENET_IRQHandler
                0x00000000000023f6                RIT_IRQHandler
                0x00000000000023f6                I2C0_IRQHandler
                0x00000000000023f6                USBActivity_IRQHandler
                0x00000000000023f6                PWM1_IRQHandler
                0x00000000000023f6                I2C1_IRQHandler
                0x00000000000023f6                EINT2_IRQHandler
 .text.pwmout_write
                0x00000000000023f8       0x5c ./mbed/TARGET_LPC1768/TOOLCHAIN_GCC_ARM/libmbed.a(pwmout_api.o)
                0x00000000000023f8                pwmout_write
 .text.pwmout_period_us
                0x0000000000002454       0x44 ./mbed/TARGET_LPC1768/TOOLCHAIN_GCC_ARM/libmbed.a(pwmout_api.o)
                0x0000000000002454                pwmout_period_us
 .text.pwmout_init
                0x0000000000002498       0xd8 ./mbed/TARGET_LPC1768/TOOLCHAIN_GCC_ARM/libmbed.a(pwmout_api.o)
                0x0000000000002498                pwmout_init
 .text.uart2_irq
                0x0000000000002570       0x64 ./mbed/TARGET_LPC1768/TOOLCHAIN_GCC_ARM/libmbed.a(serial_api.o)
                0x0000000000002570                uart2_irq
 .text.serial_irq_set_internal
                0x00000000000025d4       0xcc ./mbed/TARGET_LPC1768/TOOLCHAIN_GCC_ARM/libmbed.a(serial_api.o)
 .text.uart0_irq
                0x00000000000026a0       0x64 ./mbed/TARGET_LPC1768/TOOLCHAIN_GCC_ARM/libmbed.a(serial_api.o)
                0x00000000000026a0                uart0_irq
 .text.uart3_irq
                0x0000000000002704       0x6c ./mbed/TARGET_LPC1768/TOOLCHAIN_GCC_ARM/libmbed.a(serial_api.o)
                0x0000000000002704                uart3_irq
 .text.uart1_irq
                0x0000000000002770       0x64 ./mbed/TARGET_LPC1768/TOOLCHAIN_GCC_ARM/libmbed.a(serial_api.o)
                0x0000000000002770                uart1_irq
 .text.serial_baud
                0x00000000000027d4      0x244 ./mbed/TARGET_LPC1768/TOOLCHAIN_GCC_ARM/libmbed.a(serial_api.o)
                0x00000000000027d4                serial_baud
 .text.serial_format
                0x0000000000002a18       0x78 ./mbed/TARGET_LPC1768/TOOLCHAIN_GCC_ARM/libmbed.a(serial_api.o)
                0x0000000000002a18                serial_format
 .text.serial_irq_handler
                0x0000000000002a90       0x20 ./mbed/TARGET_LPC1768/TOOLCHAIN_GCC_ARM/libmbed.a(serial_api.o)
                0x0000000000002a90                serial_irq_handler
 .text.serial_irq_set
                0x0000000000002ab0       0x20 ./mbed/TARGET_LPC1768/TOOLCHAIN_GCC_ARM/libmbed.a(serial_api.o)
                0x0000000000002ab0                serial_irq_set
 .text.serial_getc
                0x0000000000002ad0       0x38 ./mbed/TARGET_LPC1768/TOOLCHAIN_GCC_ARM/libmbed.a(serial_api.o)
                0x0000000000002ad0                serial_getc
 .text.serial_writable
                0x0000000000002b08       0x74 ./mbed/TARGET_LPC1768/TOOLCHAIN_GCC_ARM/libmbed.a(serial_api.o)
                0x0000000000002b08                serial_writable
 .text.serial_putc
                0x0000000000002b7c       0x34 ./mbed/TARGET_LPC1768/TOOLCHAIN_GCC_ARM/libmbed.a(serial_api.o)
                0x0000000000002b7c                serial_putc
 .text.serial_set_flow_control
                0x0000000000002bb0      0x12c ./mbed/TARGET_LPC1768/TOOLCHAIN_GCC_ARM/libmbed.a(serial_api.o)
                0x0000000000002bb0                serial_set_flow_control
 .text.serial_init
                0x0000000000002cdc      0x1bc ./mbed/TARGET_LPC1768/TOOLCHAIN_GCC_ARM/libmbed.a(serial_api.o)
                0x0000000000002cdc                serial_init
 .text._ZN4mbed6BusOutD2Ev
                0x0000000000002e98       0x24 ./mbed/TARGET_LPC1768/TOOLCHAIN_GCC_ARM/libmbed.a(BusOut.o)
                0x0000000000002e98                mbed::BusOut::~BusOut()
                0x0000000000002e98                mbed::BusOut::~BusOut()
 .text._ZN4mbed6BusOutD0Ev
                0x0000000000002ebc       0x14 ./mbed/TARGET_LPC1768/TOOLCHAIN_GCC_ARM/libmbed.a(BusOut.o)
                0x0000000000002ebc                mbed::BusOut::~BusOut()
 .text._ZN4mbed6BusOutC2E7PinNameS1_S1_S1_S1_S1_S1_S1_S1_S1_S1_S1_S1_S1_S1_S1_
                0x0000000000002ed0       0x98 ./mbed/TARGET_LPC1768/TOOLCHAIN_GCC_ARM/libmbed.a(BusOut.o)
                0x0000000000002ed0                mbed::BusOut::BusOut(PinName, PinName, PinName, PinName, PinName, PinName, PinName, PinName, PinName, PinName, PinName, PinName, PinName, PinName, PinName, PinName)
                0x0000000000002ed0                mbed::BusOut::BusOut(PinName, PinName, PinName, PinName, PinName, PinName, PinName, PinName, PinName, PinName, PinName, PinName, PinName, PinName, PinName, PinName)
 .text._ZN4mbed6BusOut5writeEi
                0x0000000000002f68       0x50 ./mbed/TARGET_LPC1768/TOOLCHAIN_GCC_ARM/libmbed.a(BusOut.o)
                0x0000000000002f68                mbed::BusOut::write(int)
 .text._ZN4mbed6BusOutaSEi
                0x0000000000002fb8        0xc ./mbed/TARGET_LPC1768/TOOLCHAIN_GCC_ARM/libmbed.a(BusOut.o)
                0x0000000000002fb8                mbed::BusOut::operator=(int)
 .text._ZN4mbed8FilePathC2EPKc
                0x0000000000002fc4       0x58 ./mbed/TARGET_LPC1768/TOOLCHAIN_GCC_ARM/libmbed.a(FilePath.o)
                0x0000000000002fc4                mbed::FilePath::FilePath(char const*)
                0x0000000000002fc4                mbed::FilePath::FilePath(char const*)
 .text._ZN4mbed8FilePath8fileNameEv
                0x000000000000301c        0x4 ./mbed/TARGET_LPC1768/TOOLCHAIN_GCC_ARM/libmbed.a(FilePath.o)
                0x000000000000301c                mbed::FilePath::fileName()
 .text._ZN4mbed8FilePath10fileSystemEv
                0x0000000000003020       0x18 ./mbed/TARGET_LPC1768/TOOLCHAIN_GCC_ARM/libmbed.a(FilePath.o)
                0x0000000000003020                mbed::FilePath::fileSystem()
 .text._ZN4mbed8FilePath6isFileEv
                0x0000000000003038       0x14 ./mbed/TARGET_LPC1768/TOOLCHAIN_GCC_ARM/libmbed.a(FilePath.o)
                0x0000000000003038                mbed::FilePath::isFile()
 .text._ZN4mbed8FilePath4fileEv
                0x000000000000304c       0x1c ./mbed/TARGET_LPC1768/TOOLCHAIN_GCC_ARM/libmbed.a(FilePath.o)
                0x000000000000304c                mbed::FilePath::file()
 .text._ZN4mbed8FilePath6existsEv
                0x0000000000003068        0xc ./mbed/TARGET_LPC1768/TOOLCHAIN_GCC_ARM/libmbed.a(FilePath.o)
                0x0000000000003068                mbed::FilePath::exists()
 .text._ZN4mbed9DirHandle7telldirEv
                0x0000000000003074        0x8 ./mbed/TARGET_LPC1768/TOOLCHAIN_GCC_ARM/libmbed.a(FileSystemLike.o)
                0x0000000000003074                mbed::DirHandle::telldir()
 .text._ZN4mbed9DirHandle7seekdirEl
                0x000000000000307c        0x4 ./mbed/TARGET_LPC1768/TOOLCHAIN_GCC_ARM/libmbed.a(FileSystemLike.o)
                0x000000000000307c                mbed::DirHandle::seekdir(long)
 .text._ZN4mbed9DirHandleD2Ev
                0x0000000000003080        0xc ./mbed/TARGET_LPC1768/TOOLCHAIN_GCC_ARM/libmbed.a(FileSystemLike.o)
                0x0000000000003080                mbed::DirHandle::~DirHandle()
                0x0000000000003080                mbed::DirHandle::~DirHandle()
 .text._ZN4mbed14FileSystemLike6removeEPKc
                0x000000000000308c        0x8 ./mbed/TARGET_LPC1768/TOOLCHAIN_GCC_ARM/libmbed.a(FileSystemLike.o)
                0x000000000000308c                mbed::FileSystemLike::remove(char const*)
 .text._ZN4mbed14FileSystemLike6renameEPKcS2_
                0x0000000000003094        0x8 ./mbed/TARGET_LPC1768/TOOLCHAIN_GCC_ARM/libmbed.a(FileSystemLike.o)
                0x0000000000003094                mbed::FileSystemLike::rename(char const*, char const*)
 .text._ZN4mbed14FileSystemLike7opendirEPKc
                0x000000000000309c        0x4 ./mbed/TARGET_LPC1768/TOOLCHAIN_GCC_ARM/libmbed.a(FileSystemLike.o)
                0x000000000000309c                mbed::FileSystemLike::opendir(char const*)
 .text._ZN4mbed14FileSystemLike5mkdirEPKcj
                0x00000000000030a0        0x8 ./mbed/TARGET_LPC1768/TOOLCHAIN_GCC_ARM/libmbed.a(FileSystemLike.o)
                0x00000000000030a0                mbed::FileSystemLike::mkdir(char const*, unsigned int)
 .text._ZN4mbed9DirHandleD0Ev
                0x00000000000030a8       0x14 ./mbed/TARGET_LPC1768/TOOLCHAIN_GCC_ARM/libmbed.a(FileSystemLike.o)
                0x00000000000030a8                mbed::DirHandle::~DirHandle()
 .text._ZN4mbed14FileSystemLikeD2Ev
                0x00000000000030bc       0x14 ./mbed/TARGET_LPC1768/TOOLCHAIN_GCC_ARM/libmbed.a(FileSystemLike.o)
                0x00000000000030bc                mbed::FileSystemLike::~FileSystemLike()
                0x00000000000030bc                mbed::FileSystemLike::~FileSystemLike()
 .text._ZN4mbed14FileSystemLikeD0Ev
                0x00000000000030d0       0x1c ./mbed/TARGET_LPC1768/TOOLCHAIN_GCC_ARM/libmbed.a(FileSystemLike.o)
                0x00000000000030d0                mbed::FileSystemLike::~FileSystemLike()
 .text._ZN4mbed14FileSystemLikeC2EPKc
                0x00000000000030ec       0x18 ./mbed/TARGET_LPC1768/TOOLCHAIN_GCC_ARM/libmbed.a(FileSystemLike.o)
                0x00000000000030ec                mbed::FileSystemLike::FileSystemLike(char const*)
                0x00000000000030ec                mbed::FileSystemLike::FileSystemLike(char const*)
 .text._ZN4mbed3I2CC2E7PinNameS1_
                0x0000000000003104       0x20 ./mbed/TARGET_LPC1768/TOOLCHAIN_GCC_ARM/libmbed.a(I2C.o)
                0x0000000000003104                mbed::I2C::I2C(PinName, PinName)
                0x0000000000003104                mbed::I2C::I2C(PinName, PinName)
 .text._ZN4mbed3I2C9frequencyEi
                0x0000000000003124       0x14 ./mbed/TARGET_LPC1768/TOOLCHAIN_GCC_ARM/libmbed.a(I2C.o)
                0x0000000000003124                mbed::I2C::frequency(int)
 .text._ZN4mbed3I2C6aquireEv
                0x0000000000003138       0x1c ./mbed/TARGET_LPC1768/TOOLCHAIN_GCC_ARM/libmbed.a(I2C.o)
                0x0000000000003138                mbed::I2C::aquire()
 .text._ZN4mbed3I2C5writeEiPKcib
                0x0000000000003154       0x34 ./mbed/TARGET_LPC1768/TOOLCHAIN_GCC_ARM/libmbed.a(I2C.o)
                0x0000000000003154                mbed::I2C::write(int, char const*, int, bool)
 .text._ZN4mbed3I2C4readEiPcib
                0x0000000000003188       0x34 ./mbed/TARGET_LPC1768/TOOLCHAIN_GCC_ARM/libmbed.a(I2C.o)
                0x0000000000003188                mbed::I2C::read(int, char*, int, bool)
 .text._ZN4mbed14LocalDirHandle8closedirEv
                0x00000000000031bc       0x10 ./mbed/TARGET_LPC1768/TOOLCHAIN_GCC_ARM/libmbed.a(LocalFileSystem.o)
                0x00000000000031bc                mbed::LocalDirHandle::closedir()
 .text._ZN4mbed14LocalDirHandle9rewinddirEv
                0x00000000000031cc        0x8 ./mbed/TARGET_LPC1768/TOOLCHAIN_GCC_ARM/libmbed.a(LocalFileSystem.o)
                0x00000000000031cc                mbed::LocalDirHandle::rewinddir()
 .text._ZN4mbed14LocalDirHandle7telldirEv
                0x00000000000031d4        0x8 ./mbed/TARGET_LPC1768/TOOLCHAIN_GCC_ARM/libmbed.a(LocalFileSystem.o)
                0x00000000000031d4                mbed::LocalDirHandle::telldir()
 .text._ZN4mbed14LocalDirHandle7seekdirEl
                0x00000000000031dc        0x8 ./mbed/TARGET_LPC1768/TOOLCHAIN_GCC_ARM/libmbed.a(LocalFileSystem.o)
                0x00000000000031dc                mbed::LocalDirHandle::seekdir(long)
 .text._ZN4mbed14LocalDirHandleD2Ev
                0x00000000000031e4        0xc ./mbed/TARGET_LPC1768/TOOLCHAIN_GCC_ARM/libmbed.a(LocalFileSystem.o)
                0x00000000000031e4                mbed::LocalDirHandle::~LocalDirHandle()
                0x00000000000031e4                mbed::LocalDirHandle::~LocalDirHandle()
 .text._ZN4mbed14LocalDirHandleD0Ev
                0x00000000000031f0       0x14 ./mbed/TARGET_LPC1768/TOOLCHAIN_GCC_ARM/libmbed.a(LocalFileSystem.o)
                0x00000000000031f0                mbed::LocalDirHandle::~LocalDirHandle()
 .text._ZN4mbed15LocalFileHandle5closeEv
                0x0000000000003204       0x1c ./mbed/TARGET_LPC1768/TOOLCHAIN_GCC_ARM/libmbed.a(LocalFileSystem.o)
                0x0000000000003204                mbed::LocalFileHandle::close()
 .text._ZN4mbed15LocalFileHandle5writeEPKvj
                0x0000000000003220       0x18 ./mbed/TARGET_LPC1768/TOOLCHAIN_GCC_ARM/libmbed.a(LocalFileSystem.o)
                0x0000000000003220                mbed::LocalFileHandle::write(void const*, unsigned int)
 .text._ZN4mbed15LocalFileHandle4readEPvj
                0x0000000000003238       0x18 ./mbed/TARGET_LPC1768/TOOLCHAIN_GCC_ARM/libmbed.a(LocalFileSystem.o)
                0x0000000000003238                mbed::LocalFileHandle::read(void*, unsigned int)
 .text._ZN4mbed15LocalFileHandle6isattyEv
                0x0000000000003250        0x8 ./mbed/TARGET_LPC1768/TOOLCHAIN_GCC_ARM/libmbed.a(LocalFileSystem.o)
                0x0000000000003250                mbed::LocalFileHandle::isatty()
 .text._ZN4mbed15LocalFileHandle4flenEv
                0x0000000000003258        0x8 ./mbed/TARGET_LPC1768/TOOLCHAIN_GCC_ARM/libmbed.a(LocalFileSystem.o)
                0x0000000000003258                mbed::LocalFileHandle::flen()
 .text._ZN4mbed15LocalFileHandle5lseekEli
                0x0000000000003260       0x2c ./mbed/TARGET_LPC1768/TOOLCHAIN_GCC_ARM/libmbed.a(LocalFileSystem.o)
                0x0000000000003260                mbed::LocalFileHandle::lseek(long, int)
 .text._ZN4mbed15LocalFileHandle5fsyncEv
                0x000000000000328c        0x8 ./mbed/TARGET_LPC1768/TOOLCHAIN_GCC_ARM/libmbed.a(LocalFileSystem.o)
                0x000000000000328c                mbed::LocalFileHandle::fsync()
 .text._ZN4mbed15LocalFileSystem7opendirEPKc
                0x0000000000003294       0x60 ./mbed/TARGET_LPC1768/TOOLCHAIN_GCC_ARM/libmbed.a(LocalFileSystem.o)
                0x0000000000003294                mbed::LocalFileSystem::opendir(char const*)
 .text._ZN4mbed15LocalFileSystem6removeEPKc
                0x00000000000032f4        0x8 ./mbed/TARGET_LPC1768/TOOLCHAIN_GCC_ARM/libmbed.a(LocalFileSystem.o)
                0x00000000000032f4                mbed::LocalFileSystem::remove(char const*)
 .text._ZN4mbed15LocalFileHandleD2Ev
                0x00000000000032fc       0x14 ./mbed/TARGET_LPC1768/TOOLCHAIN_GCC_ARM/libmbed.a(LocalFileSystem.o)
                0x00000000000032fc                mbed::LocalFileHandle::~LocalFileHandle()
                0x00000000000032fc                mbed::LocalFileHandle::~LocalFileHandle()
 .text._ZN4mbed15LocalFileHandleD0Ev
                0x0000000000003310       0x1c ./mbed/TARGET_LPC1768/TOOLCHAIN_GCC_ARM/libmbed.a(LocalFileSystem.o)
                0x0000000000003310                mbed::LocalFileHandle::~LocalFileHandle()
 .text._ZN4mbed14LocalDirHandle7readdirEv
                0x000000000000332c       0x48 ./mbed/TARGET_LPC1768/TOOLCHAIN_GCC_ARM/libmbed.a(LocalFileSystem.o)
                0x000000000000332c                mbed::LocalDirHandle::readdir()
 .text._ZN4mbed28posix_to_semihost_open_flagsEi
                0x0000000000003374       0x34 ./mbed/TARGET_LPC1768/TOOLCHAIN_GCC_ARM/libmbed.a(LocalFileSystem.o)
                0x0000000000003374                mbed::posix_to_semihost_open_flags(int)
 .text._ZN4mbed15LocalFileSystem4openEPKci
                0x00000000000033a8       0x50 ./mbed/TARGET_LPC1768/TOOLCHAIN_GCC_ARM/libmbed.a(LocalFileSystem.o)
                0x00000000000033a8                mbed::LocalFileSystem::open(char const*, int)
 .text._ZN4mbed3SPID2Ev
                0x00000000000033f8        0xc ./mbed/TARGET_LPC1768/TOOLCHAIN_GCC_ARM/libmbed.a(SPI.o)
                0x00000000000033f8                mbed::SPI::~SPI()
                0x00000000000033f8                mbed::SPI::~SPI()
 .text._ZN4mbed3SPID0Ev
                0x0000000000003404       0x14 ./mbed/TARGET_LPC1768/TOOLCHAIN_GCC_ARM/libmbed.a(SPI.o)
                0x0000000000003404                mbed::SPI::~SPI()
 .text._ZN4mbed3SPIC2E7PinNameS1_S1_S1_
                0x0000000000003418       0x50 ./mbed/TARGET_LPC1768/TOOLCHAIN_GCC_ARM/libmbed.a(SPI.o)
                0x0000000000003418                mbed::SPI::SPI(PinName, PinName, PinName, PinName)
                0x0000000000003418                mbed::SPI::SPI(PinName, PinName, PinName, PinName)
 .text._ZN4mbed3SPI6aquireEv
                0x0000000000003468       0x2c ./mbed/TARGET_LPC1768/TOOLCHAIN_GCC_ARM/libmbed.a(SPI.o)
                0x0000000000003468                mbed::SPI::aquire()
 .text._ZN4mbed3SPI6formatEii
                0x0000000000003494       0x18 ./mbed/TARGET_LPC1768/TOOLCHAIN_GCC_ARM/libmbed.a(SPI.o)
                0x0000000000003494                mbed::SPI::format(int, int)
 .text._ZN4mbed3SPI9frequencyEi
                0x00000000000034ac       0x10 ./mbed/TARGET_LPC1768/TOOLCHAIN_GCC_ARM/libmbed.a(SPI.o)
                0x00000000000034ac                mbed::SPI::frequency(int)
 .text._ZN4mbed3SPI5writeEi
                0x00000000000034bc       0x18 ./mbed/TARGET_LPC1768/TOOLCHAIN_GCC_ARM/libmbed.a(SPI.o)
                0x00000000000034bc                mbed::SPI::write(int)
 .text._ZN4mbed6Serial5_getcEv
                0x00000000000034d4        0x4 ./mbed/TARGET_LPC1768/TOOLCHAIN_GCC_ARM/libmbed.a(Serial.o)
                0x00000000000034d4                mbed::Serial::_getc()
 .text._ZThn72_N4mbed6Serial5_getcEv
                0x00000000000034d8        0x8 ./mbed/TARGET_LPC1768/TOOLCHAIN_GCC_ARM/libmbed.a(Serial.o)
                0x00000000000034d8                non-virtual thunk to mbed::Serial::_getc()
 .text._ZN4mbed6Serial5_putcEi
                0x00000000000034e0        0x4 ./mbed/TARGET_LPC1768/TOOLCHAIN_GCC_ARM/libmbed.a(Serial.o)
                0x00000000000034e0                mbed::Serial::_putc(int)
 .text._ZThn72_N4mbed6Serial5_putcEi
                0x00000000000034e4        0x8 ./mbed/TARGET_LPC1768/TOOLCHAIN_GCC_ARM/libmbed.a(Serial.o)
                0x00000000000034e4                non-virtual thunk to mbed::Serial::_putc(int)
 .text._ZN4mbed6SerialC2E7PinNameS1_PKc
                0x00000000000034ec       0x30 ./mbed/TARGET_LPC1768/TOOLCHAIN_GCC_ARM/libmbed.a(Serial.o)
                0x00000000000034ec                mbed::Serial::Serial(PinName, PinName, char const*)
                0x00000000000034ec                mbed::Serial::Serial(PinName, PinName, char const*)
 .text._ZN4mbed10SerialBase12_irq_handlerEm9SerialIrq
                0x000000000000351c       0x10 ./mbed/TARGET_LPC1768/TOOLCHAIN_GCC_ARM/libmbed.a(SerialBase.o)
                0x000000000000351c                mbed::SerialBase::_irq_handler(unsigned long, SerialIrq)
 .text._ZN4mbed10SerialBaseC2E7PinNameS1_
                0x000000000000352c       0x4c ./mbed/TARGET_LPC1768/TOOLCHAIN_GCC_ARM/libmbed.a(SerialBase.o)
                0x000000000000352c                mbed::SerialBase::SerialBase(PinName, PinName)
                0x000000000000352c                mbed::SerialBase::SerialBase(PinName, PinName)
 .text._ZN4mbed10SerialBase6attachEPFvvENS0_7IrqTypeE
                0x0000000000003578       0x34 ./mbed/TARGET_LPC1768/TOOLCHAIN_GCC_ARM/libmbed.a(SerialBase.o)
                0x0000000000003578                mbed::SerialBase::attach(void (*)(), mbed::SerialBase::IrqType)
 .text._ZN4mbed10SerialBase10_base_getcEv
                0x00000000000035ac        0x8 ./mbed/TARGET_LPC1768/TOOLCHAIN_GCC_ARM/libmbed.a(SerialBase.o)
                0x00000000000035ac                mbed::SerialBase::_base_getc()
 .text._ZN4mbed10SerialBase10_base_putcEi
                0x00000000000035b4       0x10 ./mbed/TARGET_LPC1768/TOOLCHAIN_GCC_ARM/libmbed.a(SerialBase.o)
                0x00000000000035b4                mbed::SerialBase::_base_putc(int)
 .text._ZN4mbed6Stream5closeEv
                0x00000000000035c4        0x4 ./mbed/TARGET_LPC1768/TOOLCHAIN_GCC_ARM/libmbed.a(Stream.o)
                0x00000000000035c4                mbed::Stream::close()
 .text._ZN4mbed6Stream5writeEPKvj
                0x00000000000035c8       0x30 ./mbed/TARGET_LPC1768/TOOLCHAIN_GCC_ARM/libmbed.a(Stream.o)
                0x00000000000035c8                mbed::Stream::write(void const*, unsigned int)
 .text._ZN4mbed6Stream4readEPvj
                0x00000000000035f8       0x30 ./mbed/TARGET_LPC1768/TOOLCHAIN_GCC_ARM/libmbed.a(Stream.o)
                0x00000000000035f8                mbed::Stream::read(void*, unsigned int)
 .text._ZN4mbed6Stream5lseekEli
                0x0000000000003628        0x4 ./mbed/TARGET_LPC1768/TOOLCHAIN_GCC_ARM/libmbed.a(Stream.o)
                0x0000000000003628                mbed::Stream::lseek(long, int)
 .text._ZN4mbed6Stream6isattyEv
                0x000000000000362c        0x4 ./mbed/TARGET_LPC1768/TOOLCHAIN_GCC_ARM/libmbed.a(Stream.o)
                0x000000000000362c                mbed::Stream::isatty()
 .text._ZN4mbed6Stream5fsyncEv
                0x0000000000003630        0x4 ./mbed/TARGET_LPC1768/TOOLCHAIN_GCC_ARM/libmbed.a(Stream.o)
                0x0000000000003630                mbed::Stream::fsync()
 .text._ZN4mbed6Stream4flenEv
                0x0000000000003634        0x4 ./mbed/TARGET_LPC1768/TOOLCHAIN_GCC_ARM/libmbed.a(Stream.o)
                0x0000000000003634                mbed::Stream::flen()
 .text._ZN4mbed6StreamD2Ev
                0x0000000000003638       0x24 ./mbed/TARGET_LPC1768/TOOLCHAIN_GCC_ARM/libmbed.a(Stream.o)
                0x0000000000003638                mbed::Stream::~Stream()
                0x0000000000003638                mbed::Stream::~Stream()
 .text._ZThn4_N4mbed6StreamD1Ev
                0x000000000000365c        0x8 ./mbed/TARGET_LPC1768/TOOLCHAIN_GCC_ARM/libmbed.a(Stream.o)
                0x000000000000365c                non-virtual thunk to mbed::Stream::~Stream()
 .text._ZN4mbed6StreamD0Ev
                0x0000000000003664       0x14 ./mbed/TARGET_LPC1768/TOOLCHAIN_GCC_ARM/libmbed.a(Stream.o)
                0x0000000000003664                mbed::Stream::~Stream()
 .text._ZThn4_N4mbed6StreamD0Ev
                0x0000000000003678        0x8 ./mbed/TARGET_LPC1768/TOOLCHAIN_GCC_ARM/libmbed.a(Stream.o)
                0x0000000000003678                non-virtual thunk to mbed::Stream::~Stream()
 .text._ZN4mbed6StreamC2EPKc
                0x0000000000003680       0x48 ./mbed/TARGET_LPC1768/TOOLCHAIN_GCC_ARM/libmbed.a(Stream.o)
                0x0000000000003680                mbed::Stream::Stream(char const*)
                0x0000000000003680                mbed::Stream::Stream(char const*)
 .text._ZN4mbed6Stream4getcEv
                0x00000000000036c8       0x14 ./mbed/TARGET_LPC1768/TOOLCHAIN_GCC_ARM/libmbed.a(Stream.o)
                0x00000000000036c8                mbed::Stream::getc()
 .text.mbed_assert_internal
                0x00000000000036dc       0x2c ./mbed/TARGET_LPC1768/TOOLCHAIN_GCC_ARM/libmbed.a(assert.o)
                0x00000000000036dc                mbed_assert_internal
 .text.error    0x0000000000003708       0x24 ./mbed/TARGET_LPC1768/TOOLCHAIN_GCC_ARM/libmbed.a(error.o)
                0x0000000000003708                error
 .text.exit     0x000000000000372c       0x30 ./mbed/TARGET_LPC1768/TOOLCHAIN_GCC_ARM/libmbed.a(exit.o)
                0x000000000000372c                exit
 .text.gpio_init_in
                0x000000000000375c       0x24 ./mbed/TARGET_LPC1768/TOOLCHAIN_GCC_ARM/libmbed.a(gpio.o)
                0x000000000000375c                gpio_init_in
 .text.gpio_init_in_ex
                0x0000000000003780       0x28 ./mbed/TARGET_LPC1768/TOOLCHAIN_GCC_ARM/libmbed.a(gpio.o)
                0x0000000000003780                gpio_init_in_ex
 .text.gpio_init_out
                0x00000000000037a8       0x44 ./mbed/TARGET_LPC1768/TOOLCHAIN_GCC_ARM/libmbed.a(gpio.o)
                0x00000000000037a8                gpio_init_out
 .text.gpio_init_out_ex
                0x00000000000037ec       0x54 ./mbed/TARGET_LPC1768/TOOLCHAIN_GCC_ARM/libmbed.a(gpio.o)
                0x00000000000037ec                gpio_init_out_ex
 .text.mbed_interface_connected
                0x0000000000003840        0x4 ./mbed/TARGET_LPC1768/TOOLCHAIN_GCC_ARM/libmbed.a(mbed_interface.o)
                0x0000000000003840                mbed_interface_connected
 .text.pinmap_pinout
                0x0000000000003844       0x40 ./mbed/TARGET_LPC1768/TOOLCHAIN_GCC_ARM/libmbed.a(pinmap_common.o)
                0x0000000000003844                pinmap_pinout
 .text.pinmap_merge
                0x0000000000003884       0x24 ./mbed/TARGET_LPC1768/TOOLCHAIN_GCC_ARM/libmbed.a(pinmap_common.o)
                0x0000000000003884                pinmap_merge
 .text.pinmap_find_peripheral
                0x00000000000038a8       0x1c ./mbed/TARGET_LPC1768/TOOLCHAIN_GCC_ARM/libmbed.a(pinmap_common.o)
                0x00000000000038a8                pinmap_find_peripheral
 .text.pinmap_peripheral
                0x00000000000038c4       0x34 ./mbed/TARGET_LPC1768/TOOLCHAIN_GCC_ARM/libmbed.a(pinmap_common.o)
                0x00000000000038c4                pinmap_peripheral
 .text.time     0x00000000000038f8       0x24 ./mbed/TARGET_LPC1768/TOOLCHAIN_GCC_ARM/libmbed.a(rtc_time.o)
                0x00000000000038f8                time
 .text.set_time
                0x000000000000391c       0x14 ./mbed/TARGET_LPC1768/TOOLCHAIN_GCC_ARM/libmbed.a(rtc_time.o)
                0x000000000000391c                set_time
 .text.semihost_open
                0x0000000000003930       0x20 ./mbed/TARGET_LPC1768/TOOLCHAIN_GCC_ARM/libmbed.a(semihost_api.o)
                0x0000000000003930                semihost_open
 .text.semihost_close
                0x0000000000003950       0x1c ./mbed/TARGET_LPC1768/TOOLCHAIN_GCC_ARM/libmbed.a(semihost_api.o)
                0x0000000000003950                semihost_close
 .text.semihost_write
                0x000000000000396c       0x28 ./mbed/TARGET_LPC1768/TOOLCHAIN_GCC_ARM/libmbed.a(semihost_api.o)
                0x000000000000396c                semihost_write
 .text.semihost_read
                0x0000000000003994       0x1c ./mbed/TARGET_LPC1768/TOOLCHAIN_GCC_ARM/libmbed.a(semihost_api.o)
                0x0000000000003994                semihost_read
 .text.semihost_istty
                0x00000000000039b0       0x1c ./mbed/TARGET_LPC1768/TOOLCHAIN_GCC_ARM/libmbed.a(semihost_api.o)
                0x00000000000039b0                semihost_istty
 .text.semihost_seek
                0x00000000000039cc       0x1c ./mbed/TARGET_LPC1768/TOOLCHAIN_GCC_ARM/libmbed.a(semihost_api.o)
                0x00000000000039cc                semihost_seek
 .text.semihost_ensure
                0x00000000000039e8       0x1c ./mbed/TARGET_LPC1768/TOOLCHAIN_GCC_ARM/libmbed.a(semihost_api.o)
                0x00000000000039e8                semihost_ensure
 .text.semihost_flen
                0x0000000000003a04       0x1c ./mbed/TARGET_LPC1768/TOOLCHAIN_GCC_ARM/libmbed.a(semihost_api.o)
                0x0000000000003a04                semihost_flen
 .text.semihost_remove
                0x0000000000003a20       0x20 ./mbed/TARGET_LPC1768/TOOLCHAIN_GCC_ARM/libmbed.a(semihost_api.o)
                0x0000000000003a20                semihost_remove
 .text.semihost_exit
                0x0000000000003a40       0x18 ./mbed/TARGET_LPC1768/TOOLCHAIN_GCC_ARM/libmbed.a(semihost_api.o)
                0x0000000000003a40                semihost_exit
 .text.semihost_connected
                0x0000000000003a58       0x10 ./mbed/TARGET_LPC1768/TOOLCHAIN_GCC_ARM/libmbed.a(semihost_api.o)
                0x0000000000003a58                semihost_connected
 .text.wait_us  0x0000000000003a68       0x18 ./mbed/TARGET_LPC1768/TOOLCHAIN_GCC_ARM/libmbed.a(wait_api.o)
                0x0000000000003a68                wait_us
 .text.wait_ms  0x0000000000003a80        0xc ./mbed/TARGET_LPC1768/TOOLCHAIN_GCC_ARM/libmbed.a(wait_api.o)
                0x0000000000003a80                wait_ms
 .text.gpio_set
                0x0000000000003a8c       0x30 ./mbed/TARGET_LPC1768/TOOLCHAIN_GCC_ARM/libmbed.a(gpio_api.o)
                0x0000000000003a8c                gpio_set
 .text.gpio_init
                0x0000000000003abc       0x30 ./mbed/TARGET_LPC1768/TOOLCHAIN_GCC_ARM/libmbed.a(gpio_api.o)
                0x0000000000003abc                gpio_init
 .text.gpio_mode
                0x0000000000003aec        0x8 ./mbed/TARGET_LPC1768/TOOLCHAIN_GCC_ARM/libmbed.a(gpio_api.o)
                0x0000000000003aec                gpio_mode
 .text.gpio_dir
                0x0000000000003af4       0x44 ./mbed/TARGET_LPC1768/TOOLCHAIN_GCC_ARM/libmbed.a(gpio_api.o)
                0x0000000000003af4                gpio_dir
 .text.i2c_init
                0x0000000000003b38       0xd0 ./mbed/TARGET_LPC1768/TOOLCHAIN_GCC_ARM/libmbed.a(i2c_api.o)
                0x0000000000003b38                i2c_init
 .text.i2c_frequency
                0x0000000000003c08       0x18 ./mbed/TARGET_LPC1768/TOOLCHAIN_GCC_ARM/libmbed.a(i2c_api.o)
                0x0000000000003c08                i2c_frequency
 .text.i2c_read
                0x0000000000003c20      0x158 ./mbed/TARGET_LPC1768/TOOLCHAIN_GCC_ARM/libmbed.a(i2c_api.o)
                0x0000000000003c20                i2c_read
 .text.i2c_write
                0x0000000000003d78       0xe4 ./mbed/TARGET_LPC1768/TOOLCHAIN_GCC_ARM/libmbed.a(i2c_api.o)
                0x0000000000003d78                i2c_write
 .text.pin_function
                0x0000000000003e5c       0x50 ./mbed/TARGET_LPC1768/TOOLCHAIN_GCC_ARM/libmbed.a(pinmap.o)
                0x0000000000003e5c                pin_function
 .text.pin_mode
                0x0000000000003eac       0x78 ./mbed/TARGET_LPC1768/TOOLCHAIN_GCC_ARM/libmbed.a(pinmap.o)
                0x0000000000003eac                pin_mode
 .text.rtc_init
                0x0000000000003f24       0x28 ./mbed/TARGET_LPC1768/TOOLCHAIN_GCC_ARM/libmbed.a(rtc_api.o)
                0x0000000000003f24                rtc_init
 .text.rtc_isenabled
                0x0000000000003f4c       0x10 ./mbed/TARGET_LPC1768/TOOLCHAIN_GCC_ARM/libmbed.a(rtc_api.o)
                0x0000000000003f4c                rtc_isenabled
 .text.rtc_read
                0x0000000000003f5c       0x40 ./mbed/TARGET_LPC1768/TOOLCHAIN_GCC_ARM/libmbed.a(rtc_api.o)
                0x0000000000003f5c                rtc_read
 .text.rtc_write
                0x0000000000003f9c       0x58 ./mbed/TARGET_LPC1768/TOOLCHAIN_GCC_ARM/libmbed.a(rtc_api.o)
                0x0000000000003f9c                rtc_write
 .text.spi_format
                0x0000000000003ff4       0x70 ./mbed/TARGET_LPC1768/TOOLCHAIN_GCC_ARM/libmbed.a(spi_api.o)
                0x0000000000003ff4                spi_format
 .text.spi_frequency
                0x0000000000004064       0xd0 ./mbed/TARGET_LPC1768/TOOLCHAIN_GCC_ARM/libmbed.a(spi_api.o)
                0x0000000000004064                spi_frequency
 .text.spi_init
                0x0000000000004134      0x144 ./mbed/TARGET_LPC1768/TOOLCHAIN_GCC_ARM/libmbed.a(spi_api.o)
                0x0000000000004134                spi_init
 .text.spi_master_write
                0x0000000000004278       0x14 ./mbed/TARGET_LPC1768/TOOLCHAIN_GCC_ARM/libmbed.a(spi_api.o)
                0x0000000000004278                spi_master_write
 .text.us_ticker_init
                0x000000000000428c       0x68 ./mbed/TARGET_LPC1768/TOOLCHAIN_GCC_ARM/libmbed.a(us_ticker.o)
                0x000000000000428c                us_ticker_init
 .text.us_ticker_read
                0x00000000000042f4       0x1c ./mbed/TARGET_LPC1768/TOOLCHAIN_GCC_ARM/libmbed.a(us_ticker.o)
                0x00000000000042f4                us_ticker_read
 .text.us_ticker_set_interrupt
                0x0000000000004310       0x14 ./mbed/TARGET_LPC1768/TOOLCHAIN_GCC_ARM/libmbed.a(us_ticker.o)
                0x0000000000004310                us_ticker_set_interrupt
 .text.us_ticker_disable_interrupt
                0x0000000000004324       0x10 ./mbed/TARGET_LPC1768/TOOLCHAIN_GCC_ARM/libmbed.a(us_ticker.o)
                0x0000000000004324                us_ticker_disable_interrupt
 .text.us_ticker_clear_interrupt
                0x0000000000004334        0xc ./mbed/TARGET_LPC1768/TOOLCHAIN_GCC_ARM/libmbed.a(us_ticker.o)
                0x0000000000004334                us_ticker_clear_interrupt
 .text._ZN4mbed8FileBaseD2Ev
                0x0000000000004340       0x30 ./mbed/TARGET_LPC1768/TOOLCHAIN_GCC_ARM/libmbed.a(FileBase.o)
                0x0000000000004340                mbed::FileBase::~FileBase()
                0x0000000000004340                mbed::FileBase::~FileBase()
 .text._ZN4mbed8FileBaseD0Ev
                0x0000000000004370       0x3c ./mbed/TARGET_LPC1768/TOOLCHAIN_GCC_ARM/libmbed.a(FileBase.o)
                0x0000000000004370                mbed::FileBase::~FileBase()
 .text._ZN4mbed8FileBaseC2EPKcNS_8PathTypeE
                0x00000000000043ac       0x28 ./mbed/TARGET_LPC1768/TOOLCHAIN_GCC_ARM/libmbed.a(FileBase.o)
                0x00000000000043ac                mbed::FileBase::FileBase(char const*, mbed::PathType)
                0x00000000000043ac                mbed::FileBase::FileBase(char const*, mbed::PathType)
 .text._ZN4mbed8FileBase6lookupEPKcj
                0x00000000000043d4       0x3c ./mbed/TARGET_LPC1768/TOOLCHAIN_GCC_ARM/libmbed.a(FileBase.o)
                0x00000000000043d4                mbed::FileBase::lookup(char const*, unsigned int)
 .text._ZN4mbed8FileBase11getPathTypeEv
                0x0000000000004410        0x4 ./mbed/TARGET_LPC1768/TOOLCHAIN_GCC_ARM/libmbed.a(FileBase.o)
                0x0000000000004410                mbed::FileBase::getPathType()
 .text._ZN4mbed8FileLikeD2Ev
                0x0000000000004414       0x24 ./mbed/TARGET_LPC1768/TOOLCHAIN_GCC_ARM/libmbed.a(FileLike.o)
                0x0000000000004414                mbed::FileLike::~FileLike()
                0x0000000000004414                mbed::FileLike::~FileLike()
 .text._ZThn4_N4mbed8FileLikeD1Ev
                0x0000000000004438        0x8 ./mbed/TARGET_LPC1768/TOOLCHAIN_GCC_ARM/libmbed.a(FileLike.o)
                0x0000000000004438                non-virtual thunk to mbed::FileLike::~FileLike()
 .text._ZN4mbed8FileLikeD0Ev
                0x0000000000004440       0x2c ./mbed/TARGET_LPC1768/TOOLCHAIN_GCC_ARM/libmbed.a(FileLike.o)
                0x0000000000004440                mbed::FileLike::~FileLike()
 .text._ZThn4_N4mbed8FileLikeD0Ev
                0x000000000000446c        0x8 ./mbed/TARGET_LPC1768/TOOLCHAIN_GCC_ARM/libmbed.a(FileLike.o)
                0x000000000000446c                non-virtual thunk to mbed::FileLike::~FileLike()
 .text._ZN4mbed8FileLikeC2EPKc
                0x0000000000004474       0x28 ./mbed/TARGET_LPC1768/TOOLCHAIN_GCC_ARM/libmbed.a(FileLike.o)
                0x0000000000004474                mbed::FileLike::FileLike(char const*)
                0x0000000000004474                mbed::FileLike::FileLike(char const*)
 .text._ZN4mbed15FunctionPointerC2EPFvvE
                0x000000000000449c        0xc ./mbed/TARGET_LPC1768/TOOLCHAIN_GCC_ARM/libmbed.a(FunctionPointer.o)
                0x000000000000449c                mbed::FunctionPointer::FunctionPointer(void (*)())
                0x000000000000449c                mbed::FunctionPointer::FunctionPointer(void (*)())
 .text._ZN4mbed15FunctionPointer6attachEPFvvE
                0x00000000000044a8        0x8 ./mbed/TARGET_LPC1768/TOOLCHAIN_GCC_ARM/libmbed.a(FunctionPointer.o)
                0x00000000000044a8                mbed::FunctionPointer::attach(void (*)())
 .text._ZN4mbed15FunctionPointer4callEv
                0x00000000000044b0       0x18 ./mbed/TARGET_LPC1768/TOOLCHAIN_GCC_ARM/libmbed.a(FunctionPointer.o)
                0x00000000000044b0                mbed::FunctionPointer::call()
 .text.us_ticker_irq_handler
                0x00000000000044c8       0x58 ./mbed/TARGET_LPC1768/TOOLCHAIN_GCC_ARM/libmbed.a(us_ticker_api.o)
                0x00000000000044c8                us_ticker_irq_handler
 .text.__aeabi_atexit
                0x0000000000004520        0xa /Users/pfountas/Documents/MBED/gcc-arm-none-eabi-4_8/bin/../lib/gcc/arm-none-eabi/4.8.4/../../../../arm-none-eabi/lib/armv7-m/libstdc++_s.a(atexit_arm.o)
                0x0000000000004520                __aeabi_atexit
 .text._ZdlPv   0x000000000000452a        0x8 /Users/pfountas/Documents/MBED/gcc-arm-none-eabi-4_8/bin/../lib/gcc/arm-none-eabi/4.8.4/../../../../arm-none-eabi/lib/armv7-m/libstdc++_s.a(del_op.o)
                0x000000000000452a                operator delete(void*)
 .text._ZdaPv   0x0000000000004532        0x4 /Users/pfountas/Documents/MBED/gcc-arm-none-eabi-4_8/bin/../lib/gcc/arm-none-eabi/4.8.4/../../../../arm-none-eabi/lib/armv7-m/libstdc++_s.a(del_opv.o)
                0x0000000000004532                operator delete[](void*)
 *fill*         0x0000000000004536        0x2 
 .text._Znwj    0x0000000000004538       0x28 /Users/pfountas/Documents/MBED/gcc-arm-none-eabi-4_8/bin/../lib/gcc/arm-none-eabi/4.8.4/../../../../arm-none-eabi/lib/armv7-m/libstdc++_s.a(new_op.o)
                0x0000000000004538                operator new(unsigned int)
 .text._Znaj    0x0000000000004560        0x4 /Users/pfountas/Documents/MBED/gcc-arm-none-eabi-4_8/bin/../lib/gcc/arm-none-eabi/4.8.4/../../../../arm-none-eabi/lib/armv7-m/libstdc++_s.a(new_opv.o)
                0x0000000000004560                operator new[](unsigned int)
 .text.cos      0x0000000000004564       0x8c /Users/pfountas/Documents/MBED/gcc-arm-none-eabi-4_8/bin/../lib/gcc/arm-none-eabi/4.8.4/../../../../arm-none-eabi/lib/armv7-m/libm.a(lib_a-s_cos.o)
                0x0000000000004564                cos
 .text.floor    0x00000000000045f0      0x120 /Users/pfountas/Documents/MBED/gcc-arm-none-eabi-4_8/bin/../lib/gcc/arm-none-eabi/4.8.4/../../../../arm-none-eabi/lib/armv7-m/libm.a(lib_a-s_floor.o)
                0x00000000000045f0                floor
 .text.sin      0x0000000000004710       0x94 /Users/pfountas/Documents/MBED/gcc-arm-none-eabi-4_8/bin/../lib/gcc/arm-none-eabi/4.8.4/../../../../arm-none-eabi/lib/armv7-m/libm.a(lib_a-s_sin.o)
                0x0000000000004710                sin
 *fill*         0x00000000000047a4        0x4 
 .text.exp      0x00000000000047a8       0xf8 /Users/pfountas/Documents/MBED/gcc-arm-none-eabi-4_8/bin/../lib/gcc/arm-none-eabi/4.8.4/../../../../arm-none-eabi/lib/armv7-m/libm.a(lib_a-w_exp.o)
                0x00000000000047a8                exp
 .text.log10    0x00000000000048a0       0xe4 /Users/pfountas/Documents/MBED/gcc-arm-none-eabi-4_8/bin/../lib/gcc/arm-none-eabi/4.8.4/../../../../arm-none-eabi/lib/armv7-m/libm.a(lib_a-w_log10.o)
                0x00000000000048a0                log10
 .text.sqrt     0x0000000000004984       0xac /Users/pfountas/Documents/MBED/gcc-arm-none-eabi-4_8/bin/../lib/gcc/arm-none-eabi/4.8.4/../../../../arm-none-eabi/lib/armv7-m/libm.a(lib_a-w_sqrt.o)
                0x0000000000004984                sqrt
 .text.__ieee754_exp
                0x0000000000004a30      0x2f8 /Users/pfountas/Documents/MBED/gcc-arm-none-eabi-4_8/bin/../lib/gcc/arm-none-eabi/4.8.4/../../../../arm-none-eabi/lib/armv7-m/libm.a(lib_a-e_exp.o)
                0x0000000000004a30                __ieee754_exp
 .text.__ieee754_log10
                0x0000000000004d28      0x118 /Users/pfountas/Documents/MBED/gcc-arm-none-eabi-4_8/bin/../lib/gcc/arm-none-eabi/4.8.4/../../../../arm-none-eabi/lib/armv7-m/libm.a(lib_a-e_log10.o)
                0x0000000000004d28                __ieee754_log10
 .text.__ieee754_rem_pio2
                0x0000000000004e40      0x440 /Users/pfountas/Documents/MBED/gcc-arm-none-eabi-4_8/bin/../lib/gcc/arm-none-eabi/4.8.4/../../../../arm-none-eabi/lib/armv7-m/libm.a(lib_a-e_rem_pio2.o)
                0x0000000000004e40                __ieee754_rem_pio2
 .text.__ieee754_sqrt
                0x0000000000005280      0x180 /Users/pfountas/Documents/MBED/gcc-arm-none-eabi-4_8/bin/../lib/gcc/arm-none-eabi/4.8.4/../../../../arm-none-eabi/lib/armv7-m/libm.a(lib_a-e_sqrt.o)
                0x0000000000005280                __ieee754_sqrt
 .text.__kernel_cos
                0x0000000000005400      0x248 /Users/pfountas/Documents/MBED/gcc-arm-none-eabi-4_8/bin/../lib/gcc/arm-none-eabi/4.8.4/../../../../arm-none-eabi/lib/armv7-m/libm.a(lib_a-k_cos.o)
                0x0000000000005400                __kernel_cos
 .text.__kernel_rem_pio2
                0x0000000000005648      0x7bc /Users/pfountas/Documents/MBED/gcc-arm-none-eabi-4_8/bin/../lib/gcc/arm-none-eabi/4.8.4/../../../../arm-none-eabi/lib/armv7-m/libm.a(lib_a-k_rem_pio2.o)
                0x0000000000005648                __kernel_rem_pio2
 *fill*         0x0000000000005e04        0x4 
 .text.__kernel_sin
                0x0000000000005e08      0x170 /Users/pfountas/Documents/MBED/gcc-arm-none-eabi-4_8/bin/../lib/gcc/arm-none-eabi/4.8.4/../../../../arm-none-eabi/lib/armv7-m/libm.a(lib_a-k_sin.o)
                0x0000000000005e08                __kernel_sin
 .text.fabs     0x0000000000005f78        0x8 /Users/pfountas/Documents/MBED/gcc-arm-none-eabi-4_8/bin/../lib/gcc/arm-none-eabi/4.8.4/../../../../arm-none-eabi/lib/armv7-m/libm.a(lib_a-s_fabs.o)
                0x0000000000005f78                fabs
 .text.finite   0x0000000000005f80        0xc /Users/pfountas/Documents/MBED/gcc-arm-none-eabi-4_8/bin/../lib/gcc/arm-none-eabi/4.8.4/../../../../arm-none-eabi/lib/armv7-m/libm.a(lib_a-s_finite.o)
                0x0000000000005f80                finite
 .text.__fpclassifyd
                0x0000000000005f8c       0x50 /Users/pfountas/Documents/MBED/gcc-arm-none-eabi-4_8/bin/../lib/gcc/arm-none-eabi/4.8.4/../../../../arm-none-eabi/lib/armv7-m/libm.a(lib_a-s_fpclassify.o)
                0x0000000000005f8c                __fpclassifyd
 .text.matherr  0x0000000000005fdc        0x4 /Users/pfountas/Documents/MBED/gcc-arm-none-eabi-4_8/bin/../lib/gcc/arm-none-eabi/4.8.4/../../../../arm-none-eabi/lib/armv7-m/libm.a(lib_a-s_matherr.o)
                0x0000000000005fdc                matherr
 .text.nan      0x0000000000005fe0        0xc /Users/pfountas/Documents/MBED/gcc-arm-none-eabi-4_8/bin/../lib/gcc/arm-none-eabi/4.8.4/../../../../arm-none-eabi/lib/armv7-m/libm.a(lib_a-s_nan.o)
                0x0000000000005fe0                nan
 *fill*         0x0000000000005fec        0x4 
 .text.scalbn   0x0000000000005ff0      0x100 /Users/pfountas/Documents/MBED/gcc-arm-none-eabi-4_8/bin/../lib/gcc/arm-none-eabi/4.8.4/../../../../arm-none-eabi/lib/armv7-m/libm.a(lib_a-s_scalbn.o)
                0x0000000000005ff0                scalbn
 .text.__ieee754_log
                0x00000000000060f0      0x3f0 /Users/pfountas/Documents/MBED/gcc-arm-none-eabi-4_8/bin/../lib/gcc/arm-none-eabi/4.8.4/../../../../arm-none-eabi/lib/armv7-m/libm.a(lib_a-e_log.o)
                0x00000000000060f0                __ieee754_log
 .text.copysign
                0x00000000000064e0       0x14 /Users/pfountas/Documents/MBED/gcc-arm-none-eabi-4_8/bin/../lib/gcc/arm-none-eabi/4.8.4/../../../../arm-none-eabi/lib/armv7-m/libm.a(lib_a-s_copysign.o)
                0x00000000000064e0                copysign
 .text.abort    0x00000000000064f4        0xe /Users/pfountas/Documents/MBED/gcc-arm-none-eabi-4_8/bin/../lib/gcc/arm-none-eabi/4.8.4/../../../../arm-none-eabi/lib/armv7-m/libc_s.a(lib_a-abort.o)
                0x00000000000064f4                abort
 .text.abs      0x0000000000006502        0x8 /Users/pfountas/Documents/MBED/gcc-arm-none-eabi-4_8/bin/../lib/gcc/arm-none-eabi/4.8.4/../../../../arm-none-eabi/lib/armv7-m/libc_s.a(lib_a-abs.o)
                0x0000000000006502                abs
 .text.atexit   0x000000000000650a        0xc /Users/pfountas/Documents/MBED/gcc-arm-none-eabi-4_8/bin/../lib/gcc/arm-none-eabi/4.8.4/../../../../arm-none-eabi/lib/armv7-m/libc_s.a(lib_a-atexit.o)
                0x000000000000650a                atexit
 *fill*         0x0000000000006516        0x2 
 .text.__cxa_atexit
                0x0000000000006518       0x20 /Users/pfountas/Documents/MBED/gcc-arm-none-eabi-4_8/bin/../lib/gcc/arm-none-eabi/4.8.4/../../../../arm-none-eabi/lib/armv7-m/libc_s.a(lib_a-cxa_atexit.o)
                0x0000000000006518                __cxa_atexit
 .text.__errno  0x0000000000006538        0xc /Users/pfountas/Documents/MBED/gcc-arm-none-eabi-4_8/bin/../lib/gcc/arm-none-eabi/4.8.4/../../../../arm-none-eabi/lib/armv7-m/libc_s.a(lib_a-errno.o)
                0x0000000000006538                __errno
 .text._fclose_r
                0x0000000000006544       0xa4 /Users/pfountas/Documents/MBED/gcc-arm-none-eabi-4_8/bin/../lib/gcc/arm-none-eabi/4.8.4/../../../../arm-none-eabi/lib/armv7-m/libc_s.a(lib_a-fclose.o)
                0x0000000000006544                _fclose_r
 .text.fclose   0x00000000000065e8       0x10 /Users/pfountas/Documents/MBED/gcc-arm-none-eabi-4_8/bin/../lib/gcc/arm-none-eabi/4.8.4/../../../../arm-none-eabi/lib/armv7-m/libc_s.a(lib_a-fclose.o)
                0x00000000000065e8                fclose
 .text.__sflush_r
                0x00000000000065f8      0x106 /Users/pfountas/Documents/MBED/gcc-arm-none-eabi-4_8/bin/../lib/gcc/arm-none-eabi/4.8.4/../../../../arm-none-eabi/lib/armv7-m/libc_s.a(lib_a-fflush.o)
                0x00000000000065f8                __sflush_r
 *fill*         0x00000000000066fe        0x2 
 .text._fflush_r
                0x0000000000006700       0x54 /Users/pfountas/Documents/MBED/gcc-arm-none-eabi-4_8/bin/../lib/gcc/arm-none-eabi/4.8.4/../../../../arm-none-eabi/lib/armv7-m/libc_s.a(lib_a-fflush.o)
                0x0000000000006700                _fflush_r
 .text.fflush   0x0000000000006754       0x24 /Users/pfountas/Documents/MBED/gcc-arm-none-eabi-4_8/bin/../lib/gcc/arm-none-eabi/4.8.4/../../../../arm-none-eabi/lib/armv7-m/libc_s.a(lib_a-fflush.o)
                0x0000000000006754                fflush
 .text._fgetc_r
                0x0000000000006778       0x58 /Users/pfountas/Documents/MBED/gcc-arm-none-eabi-4_8/bin/../lib/gcc/arm-none-eabi/4.8.4/../../../../arm-none-eabi/lib/armv7-m/libc_s.a(lib_a-fgetc.o)
                0x0000000000006778                _fgetc_r
 .text.fgetc    0x00000000000067d0       0x10 /Users/pfountas/Documents/MBED/gcc-arm-none-eabi-4_8/bin/../lib/gcc/arm-none-eabi/4.8.4/../../../../arm-none-eabi/lib/armv7-m/libc_s.a(lib_a-fgetc.o)
                0x00000000000067d0                fgetc
 .text._cleanup_r
                0x00000000000067e0       0x32 /Users/pfountas/Documents/MBED/gcc-arm-none-eabi-4_8/bin/../lib/gcc/arm-none-eabi/4.8.4/../../../../arm-none-eabi/lib/armv7-m/libc_s.a(lib_a-findfp.o)
                0x00000000000067e0                _cleanup_r
 *fill*         0x0000000000006812        0x2 
 .text.std.isra.0
                0x0000000000006814       0x48 /Users/pfountas/Documents/MBED/gcc-arm-none-eabi-4_8/bin/../lib/gcc/arm-none-eabi/4.8.4/../../../../arm-none-eabi/lib/armv7-m/libc_s.a(lib_a-findfp.o)
 .text.__sfmoreglue
                0x000000000000685c       0x2c /Users/pfountas/Documents/MBED/gcc-arm-none-eabi-4_8/bin/../lib/gcc/arm-none-eabi/4.8.4/../../../../arm-none-eabi/lib/armv7-m/libc_s.a(lib_a-findfp.o)
                0x000000000000685c                __sfmoreglue
 .text.__sinit  0x0000000000006888       0x60 /Users/pfountas/Documents/MBED/gcc-arm-none-eabi-4_8/bin/../lib/gcc/arm-none-eabi/4.8.4/../../../../arm-none-eabi/lib/armv7-m/libc_s.a(lib_a-findfp.o)
                0x0000000000006888                __sinit
 .text.__sfp    0x00000000000068e8       0x74 /Users/pfountas/Documents/MBED/gcc-arm-none-eabi-4_8/bin/../lib/gcc/arm-none-eabi/4.8.4/../../../../arm-none-eabi/lib/armv7-m/libc_s.a(lib_a-findfp.o)
                0x00000000000068e8                __sfp
 .text.__sfp_lock_acquire
                0x000000000000695c        0x2 /Users/pfountas/Documents/MBED/gcc-arm-none-eabi-4_8/bin/../lib/gcc/arm-none-eabi/4.8.4/../../../../arm-none-eabi/lib/armv7-m/libc_s.a(lib_a-findfp.o)
                0x000000000000695c                __sfp_lock_acquire
 .text.__sfp_lock_release
                0x000000000000695e        0x2 /Users/pfountas/Documents/MBED/gcc-arm-none-eabi-4_8/bin/../lib/gcc/arm-none-eabi/4.8.4/../../../../arm-none-eabi/lib/armv7-m/libc_s.a(lib_a-findfp.o)
                0x000000000000695e                __sfp_lock_release
 .text.__libc_fini_array
                0x0000000000006960       0x2c /Users/pfountas/Documents/MBED/gcc-arm-none-eabi-4_8/bin/../lib/gcc/arm-none-eabi/4.8.4/../../../../arm-none-eabi/lib/armv7-m/libc_s.a(lib_a-fini.o)
                0x0000000000006960                __libc_fini_array
 .text._fopen_r
                0x000000000000698c       0x80 /Users/pfountas/Documents/MBED/gcc-arm-none-eabi-4_8/bin/../lib/gcc/arm-none-eabi/4.8.4/../../../../arm-none-eabi/lib/armv7-m/libc_s.a(lib_a-fopen.o)
                0x000000000000698c                _fopen_r
 .text.fopen    0x0000000000006a0c       0x14 /Users/pfountas/Documents/MBED/gcc-arm-none-eabi-4_8/bin/../lib/gcc/arm-none-eabi/4.8.4/../../../../arm-none-eabi/lib/armv7-m/libc_s.a(lib_a-fopen.o)
                0x0000000000006a0c                fopen
 .text.fprintf  0x0000000000006a20       0x24 /Users/pfountas/Documents/MBED/gcc-arm-none-eabi-4_8/bin/../lib/gcc/arm-none-eabi/4.8.4/../../../../arm-none-eabi/lib/armv7-m/libc_s.a(lib_a-fprintf.o)
                0x0000000000006a20                fprintf
                0x0000000000006a20                fiprintf
 .text._fseek_r
                0x0000000000006a44        0x4 /Users/pfountas/Documents/MBED/gcc-arm-none-eabi-4_8/bin/../lib/gcc/arm-none-eabi/4.8.4/../../../../arm-none-eabi/lib/armv7-m/libc_s.a(lib_a-fseek.o)
                0x0000000000006a44                _fseek_r
 .text._fseeko_r
                0x0000000000006a48      0x11c /Users/pfountas/Documents/MBED/gcc-arm-none-eabi-4_8/bin/../lib/gcc/arm-none-eabi/4.8.4/../../../../arm-none-eabi/lib/armv7-m/libc_s.a(lib_a-fseeko.o)
                0x0000000000006a48                _fseeko_r
 .text._fwalk   0x0000000000006b64       0x38 /Users/pfountas/Documents/MBED/gcc-arm-none-eabi-4_8/bin/../lib/gcc/arm-none-eabi/4.8.4/../../../../arm-none-eabi/lib/armv7-m/libc_s.a(lib_a-fwalk.o)
                0x0000000000006b64                _fwalk
 .text._fwalk_reent
                0x0000000000006b9c       0x3c /Users/pfountas/Documents/MBED/gcc-arm-none-eabi-4_8/bin/../lib/gcc/arm-none-eabi/4.8.4/../../../../arm-none-eabi/lib/armv7-m/libc_s.a(lib_a-fwalk.o)
                0x0000000000006b9c                _fwalk_reent
 .text.__libc_init_array
                0x0000000000006bd8       0x4c /Users/pfountas/Documents/MBED/gcc-arm-none-eabi-4_8/bin/../lib/gcc/arm-none-eabi/4.8.4/../../../../arm-none-eabi/lib/armv7-m/libc_s.a(lib_a-init.o)
                0x0000000000006bd8                __libc_init_array
 .text.localtime
                0x0000000000006c24       0x24 /Users/pfountas/Documents/MBED/gcc-arm-none-eabi-4_8/bin/../lib/gcc/arm-none-eabi/4.8.4/../../../../arm-none-eabi/lib/armv7-m/libc_s.a(lib_a-lcltime.o)
                0x0000000000006c24                localtime
 .text.localtime_r
                0x0000000000006c48        0x6 /Users/pfountas/Documents/MBED/gcc-arm-none-eabi-4_8/bin/../lib/gcc/arm-none-eabi/4.8.4/../../../../arm-none-eabi/lib/armv7-m/libc_s.a(lib_a-lcltime_r.o)
                0x0000000000006c48                localtime_r
 *fill*         0x0000000000006c4e        0x2 
 .text.__smakebuf_r
                0x0000000000006c50       0x98 /Users/pfountas/Documents/MBED/gcc-arm-none-eabi-4_8/bin/../lib/gcc/arm-none-eabi/4.8.4/../../../../arm-none-eabi/lib/armv7-m/libc_s.a(lib_a-makebuf.o)
                0x0000000000006c50                __smakebuf_r
 .text.malloc   0x0000000000006ce8       0x10 /Users/pfountas/Documents/MBED/gcc-arm-none-eabi-4_8/bin/../lib/gcc/arm-none-eabi/4.8.4/../../../../arm-none-eabi/lib/armv7-m/libc_s.a(lib_a-malloc.o)
                0x0000000000006ce8                malloc
 .text.free     0x0000000000006cf8       0x10 /Users/pfountas/Documents/MBED/gcc-arm-none-eabi-4_8/bin/../lib/gcc/arm-none-eabi/4.8.4/../../../../arm-none-eabi/lib/armv7-m/libc_s.a(lib_a-malloc.o)
                0x0000000000006cf8                free
 .text.memchr   0x0000000000006d08       0x1c /Users/pfountas/Documents/MBED/gcc-arm-none-eabi-4_8/bin/../lib/gcc/arm-none-eabi/4.8.4/../../../../arm-none-eabi/lib/armv7-m/libc_s.a(lib_a-memchr-stub.o)
                0x0000000000006d08                memchr
 .text.memcpy   0x0000000000006d24       0x12 /Users/pfountas/Documents/MBED/gcc-arm-none-eabi-4_8/bin/../lib/gcc/arm-none-eabi/4.8.4/../../../../arm-none-eabi/lib/armv7-m/libc_s.a(lib_a-memcpy-stub.o)
                0x0000000000006d24                memcpy
 .text.memset   0x0000000000006d36       0x10 /Users/pfountas/Documents/MBED/gcc-arm-none-eabi-4_8/bin/../lib/gcc/arm-none-eabi/4.8.4/../../../../arm-none-eabi/lib/armv7-m/libc_s.a(lib_a-memset.o)
                0x0000000000006d36                memset
 *fill*         0x0000000000006d46        0x2 
 .text.validate_structure
                0x0000000000006d48      0x1a4 /Users/pfountas/Documents/MBED/gcc-arm-none-eabi-4_8/bin/../lib/gcc/arm-none-eabi/4.8.4/../../../../arm-none-eabi/lib/armv7-m/libc_s.a(lib_a-mktime.o)
 .text.mktime   0x0000000000006eec      0x2cc /Users/pfountas/Documents/MBED/gcc-arm-none-eabi-4_8/bin/../lib/gcc/arm-none-eabi/4.8.4/../../../../arm-none-eabi/lib/armv7-m/libc_s.a(lib_a-mktime.o)
                0x0000000000006eec                mktime
 .text.__tzcalc_limits
                0x00000000000071b8      0x15c /Users/pfountas/Documents/MBED/gcc-arm-none-eabi-4_8/bin/../lib/gcc/arm-none-eabi/4.8.4/../../../../arm-none-eabi/lib/armv7-m/libc_s.a(lib_a-mktm_r.o)
                0x00000000000071b8                __tzcalc_limits
 .text._mktm_r  0x0000000000007314      0x290 /Users/pfountas/Documents/MBED/gcc-arm-none-eabi-4_8/bin/../lib/gcc/arm-none-eabi/4.8.4/../../../../arm-none-eabi/lib/armv7-m/libc_s.a(lib_a-mktm_r.o)
                0x0000000000007314                _mktm_r
 .text._free_r  0x00000000000075a4       0x88 /Users/pfountas/Documents/MBED/gcc-arm-none-eabi-4_8/bin/../lib/gcc/arm-none-eabi/4.8.4/../../../../arm-none-eabi/lib/armv7-m/libc_s.a(lib_a-nano-freer.o)
                0x00000000000075a4                _free_r
 .text._malloc_r
                0x000000000000762c       0xa8 /Users/pfountas/Documents/MBED/gcc-arm-none-eabi-4_8/bin/../lib/gcc/arm-none-eabi/4.8.4/../../../../arm-none-eabi/lib/armv7-m/libc_s.a(lib_a-nano-mallocr.o)
                0x000000000000762c                _malloc_r
 .text._open_r  0x00000000000076d4       0x24 /Users/pfountas/Documents/MBED/gcc-arm-none-eabi-4_8/bin/../lib/gcc/arm-none-eabi/4.8.4/../../../../arm-none-eabi/lib/armv7-m/libc_s.a(lib_a-openr.o)
                0x00000000000076d4                _open_r
 .text.lflush   0x00000000000076f8       0x12 /Users/pfountas/Documents/MBED/gcc-arm-none-eabi-4_8/bin/../lib/gcc/arm-none-eabi/4.8.4/../../../../arm-none-eabi/lib/armv7-m/libc_s.a(lib_a-refill.o)
 *fill*         0x000000000000770a        0x2 
 .text.__srefill_r
                0x000000000000770c      0x10c /Users/pfountas/Documents/MBED/gcc-arm-none-eabi-4_8/bin/../lib/gcc/arm-none-eabi/4.8.4/../../../../arm-none-eabi/lib/armv7-m/libc_s.a(lib_a-refill.o)
                0x000000000000770c                __srefill_r
 .text.__srget_r
                0x0000000000007818       0x58 /Users/pfountas/Documents/MBED/gcc-arm-none-eabi-4_8/bin/../lib/gcc/arm-none-eabi/4.8.4/../../../../arm-none-eabi/lib/armv7-m/libc_s.a(lib_a-rget.o)
                0x0000000000007818                __srget_r
 .text._sbrk_r  0x0000000000007870       0x20 /Users/pfountas/Documents/MBED/gcc-arm-none-eabi-4_8/bin/../lib/gcc/arm-none-eabi/4.8.4/../../../../arm-none-eabi/lib/armv7-m/libc_s.a(lib_a-sbrkr.o)
                0x0000000000007870                _sbrk_r
 .text.setbuf   0x0000000000007890       0x10 /Users/pfountas/Documents/MBED/gcc-arm-none-eabi-4_8/bin/../lib/gcc/arm-none-eabi/4.8.4/../../../../arm-none-eabi/lib/armv7-m/libc_s.a(lib_a-setbuf.o)
                0x0000000000007890                setbuf
 .text.setvbuf  0x00000000000078a0      0x110 /Users/pfountas/Documents/MBED/gcc-arm-none-eabi-4_8/bin/../lib/gcc/arm-none-eabi/4.8.4/../../../../arm-none-eabi/lib/armv7-m/libc_s.a(lib_a-setvbuf.o)
                0x00000000000078a0                setvbuf
 .text._raise_r
                0x00000000000079b0       0x50 /Users/pfountas/Documents/MBED/gcc-arm-none-eabi-4_8/bin/../lib/gcc/arm-none-eabi/4.8.4/../../../../arm-none-eabi/lib/armv7-m/libc_s.a(lib_a-signal.o)
                0x00000000000079b0                _raise_r
 .text.raise    0x0000000000007a00       0x10 /Users/pfountas/Documents/MBED/gcc-arm-none-eabi-4_8/bin/../lib/gcc/arm-none-eabi/4.8.4/../../../../arm-none-eabi/lib/armv7-m/libc_s.a(lib_a-signal.o)
                0x0000000000007a00                raise
 .text._kill_r  0x0000000000007a10       0x24 /Users/pfountas/Documents/MBED/gcc-arm-none-eabi-4_8/bin/../lib/gcc/arm-none-eabi/4.8.4/../../../../arm-none-eabi/lib/armv7-m/libc_s.a(lib_a-signalr.o)
                0x0000000000007a10                _kill_r
 .text._getpid_r
                0x0000000000007a34        0x4 /Users/pfountas/Documents/MBED/gcc-arm-none-eabi-4_8/bin/../lib/gcc/arm-none-eabi/4.8.4/../../../../arm-none-eabi/lib/armv7-m/libc_s.a(lib_a-signalr.o)
                0x0000000000007a34                _getpid_r
 .text.sprintf  0x0000000000007a38       0x48 /Users/pfountas/Documents/MBED/gcc-arm-none-eabi-4_8/bin/../lib/gcc/arm-none-eabi/4.8.4/../../../../arm-none-eabi/lib/armv7-m/libc_s.a(lib_a-sprintf.o)
                0x0000000000007a38                sprintf
                0x0000000000007a38                siprintf
 .text.sscanf   0x0000000000007a80       0x54 /Users/pfountas/Documents/MBED/gcc-arm-none-eabi-4_8/bin/../lib/gcc/arm-none-eabi/4.8.4/../../../../arm-none-eabi/lib/armv7-m/libc_s.a(lib_a-sscanf.o)
                0x0000000000007a80                sscanf
                0x0000000000007a80                siscanf
 .text.__sread  0x0000000000007ad4       0x22 /Users/pfountas/Documents/MBED/gcc-arm-none-eabi-4_8/bin/../lib/gcc/arm-none-eabi/4.8.4/../../../../arm-none-eabi/lib/armv7-m/libc_s.a(lib_a-stdio.o)
                0x0000000000007ad4                __sread
 .text.__seofread
                0x0000000000007af6        0x4 /Users/pfountas/Documents/MBED/gcc-arm-none-eabi-4_8/bin/../lib/gcc/arm-none-eabi/4.8.4/../../../../arm-none-eabi/lib/armv7-m/libc_s.a(lib_a-stdio.o)
                0x0000000000007af6                __seofread
 .text.__swrite
                0x0000000000007afa       0x38 /Users/pfountas/Documents/MBED/gcc-arm-none-eabi-4_8/bin/../lib/gcc/arm-none-eabi/4.8.4/../../../../arm-none-eabi/lib/armv7-m/libc_s.a(lib_a-stdio.o)
                0x0000000000007afa                __swrite
 .text.__sseek  0x0000000000007b32       0x24 /Users/pfountas/Documents/MBED/gcc-arm-none-eabi-4_8/bin/../lib/gcc/arm-none-eabi/4.8.4/../../../../arm-none-eabi/lib/armv7-m/libc_s.a(lib_a-stdio.o)
                0x0000000000007b32                __sseek
 .text.__sclose
                0x0000000000007b56        0x8 /Users/pfountas/Documents/MBED/gcc-arm-none-eabi-4_8/bin/../lib/gcc/arm-none-eabi/4.8.4/../../../../arm-none-eabi/lib/armv7-m/libc_s.a(lib_a-stdio.o)
                0x0000000000007b56                __sclose
 .text          0x0000000000007b5e       0x14 /Users/pfountas/Documents/MBED/gcc-arm-none-eabi-4_8/bin/../lib/gcc/arm-none-eabi/4.8.4/../../../../arm-none-eabi/lib/armv7-m/libc_s.a(lib_a-strcmp.o)
                0x0000000000007b5e                strcmp
 .text.iso_year_adjust
                0x0000000000007b72       0xc4 /Users/pfountas/Documents/MBED/gcc-arm-none-eabi-4_8/bin/../lib/gcc/arm-none-eabi/4.8.4/../../../../arm-none-eabi/lib/armv7-m/libc_s.a(lib_a-strftime.o)
 *fill*         0x0000000000007c36        0x2 
 .text.strftime
                0x0000000000007c38      0x868 /Users/pfountas/Documents/MBED/gcc-arm-none-eabi-4_8/bin/../lib/gcc/arm-none-eabi/4.8.4/../../../../arm-none-eabi/lib/armv7-m/libc_s.a(lib_a-strftime.o)
                0x0000000000007c38                strftime
 .text.strlen   0x00000000000084a0       0x10 /Users/pfountas/Documents/MBED/gcc-arm-none-eabi-4_8/bin/../lib/gcc/arm-none-eabi/4.8.4/../../../../arm-none-eabi/lib/armv7-m/libc_s.a(lib_a-strlen.o)
                0x00000000000084a0                strlen
 .text.strncmp  0x00000000000084b0       0x2c /Users/pfountas/Documents/MBED/gcc-arm-none-eabi-4_8/bin/../lib/gcc/arm-none-eabi/4.8.4/../../../../arm-none-eabi/lib/armv7-m/libc_s.a(lib_a-strncmp.o)
                0x00000000000084b0                strncmp
 .text._strtoul_r
                0x00000000000084dc       0xf0 /Users/pfountas/Documents/MBED/gcc-arm-none-eabi-4_8/bin/../lib/gcc/arm-none-eabi/4.8.4/../../../../arm-none-eabi/lib/armv7-m/libc_s.a(lib_a-strtoul.o)
                0x00000000000084dc                _strtoul_r
 .text.strtoul  0x00000000000085cc       0x1c /Users/pfountas/Documents/MBED/gcc-arm-none-eabi-4_8/bin/../lib/gcc/arm-none-eabi/4.8.4/../../../../arm-none-eabi/lib/armv7-m/libc_s.a(lib_a-strtoul.o)
                0x00000000000085cc                strtoul
 .text.__ssputs_r
                0x00000000000085e8       0xb8 /Users/pfountas/Documents/MBED/gcc-arm-none-eabi-4_8/bin/../lib/gcc/arm-none-eabi/4.8.4/../../../../arm-none-eabi/lib/armv7-m/libc_s.a(lib_a-svfprintf.o)
                0x00000000000085e8                __ssputs_r
 .text._svfprintf_r
                0x00000000000086a0      0x1d8 /Users/pfountas/Documents/MBED/gcc-arm-none-eabi-4_8/bin/../lib/gcc/arm-none-eabi/4.8.4/../../../../arm-none-eabi/lib/armv7-m/libc_s.a(lib_a-svfprintf.o)
                0x00000000000086a0                _svfprintf_r
                0x00000000000086a0                _svfiprintf_r
 .text._sungetc_r
                0x0000000000008878       0x7a /Users/pfountas/Documents/MBED/gcc-arm-none-eabi-4_8/bin/../lib/gcc/arm-none-eabi/4.8.4/../../../../arm-none-eabi/lib/armv7-m/libc_s.a(lib_a-svfscanf.o)
                0x0000000000008878                _sungetc_r
 .text.__ssrefill_r
                0x00000000000088f2       0x3a /Users/pfountas/Documents/MBED/gcc-arm-none-eabi-4_8/bin/../lib/gcc/arm-none-eabi/4.8.4/../../../../arm-none-eabi/lib/armv7-m/libc_s.a(lib_a-svfscanf.o)
                0x00000000000088f2                __ssrefill_r
 .text.__ssvfscanf_r